Archive member included to satisfy reference by file (symbol)

c:/progra~2/gnuarm~1/102021~1.10/bin/../lib/gcc/arm-none-eabi/10.3.1/thumb/v7e-m+fp/hard\libgcc.a(_arm_addsubdf3.o)
                              CMakeFiles\hello_world_DEVICE.dir\src\inventory.c.obj (__aeabi_f2d)
c:/progra~2/gnuarm~1/102021~1.10/bin/../lib/gcc/arm-none-eabi/10.3.1/../../../../arm-none-eabi/lib/thumb/v7e-m+fp/hard\libc.a(lib_a-memset.o)
                              CMakeFiles\hello_world_DEVICE.dir\src\jsonparser.c.obj (memset)
c:/progra~2/gnuarm~1/102021~1.10/bin/../lib/gcc/arm-none-eabi/10.3.1/../../../../arm-none-eabi/lib/thumb/v7e-m+fp/hard\libc.a(lib_a-snprintf.o)
                              CMakeFiles\hello_world_DEVICE.dir\src\inventory.c.obj (snprintf)
c:/progra~2/gnuarm~1/102021~1.10/bin/../lib/gcc/arm-none-eabi/10.3.1/../../../../arm-none-eabi/lib/thumb/v7e-m+fp/hard\libc.a(lib_a-sscanf.o)
                              CMakeFiles\hello_world_DEVICE.dir\src\sprite.c.obj (sscanf)
c:/progra~2/gnuarm~1/102021~1.10/bin/../lib/gcc/arm-none-eabi/10.3.1/../../../../arm-none-eabi/lib/thumb/v7e-m+fp/hard\libc.a(lib_a-stdio.o)
                              c:/progra~2/gnuarm~1/102021~1.10/bin/../lib/gcc/arm-none-eabi/10.3.1/../../../../arm-none-eabi/lib/thumb/v7e-m+fp/hard\libc.a(lib_a-sscanf.o) (__seofread)
c:/progra~2/gnuarm~1/102021~1.10/bin/../lib/gcc/arm-none-eabi/10.3.1/../../../../arm-none-eabi/lib/thumb/v7e-m+fp/hard\libc.a(lib_a-strcmp.o)
                              CMakeFiles\hello_world_DEVICE.dir\src\jsonparser.c.obj (strcmp)
c:/progra~2/gnuarm~1/102021~1.10/bin/../lib/gcc/arm-none-eabi/10.3.1/../../../../arm-none-eabi/lib/thumb/v7e-m+fp/hard\libc.a(lib_a-strlen.o)
                              CMakeFiles\hello_world_DEVICE.dir\src\inventory.c.obj (strlen)
c:/progra~2/gnuarm~1/102021~1.10/bin/../lib/gcc/arm-none-eabi/10.3.1/../../../../arm-none-eabi/lib/thumb/v7e-m+fp/hard\libc.a(lib_a-strncpy.o)
                              CMakeFiles\hello_world_DEVICE.dir\src\menu.c.obj (strncpy)
c:/progra~2/gnuarm~1/102021~1.10/bin/../lib/gcc/arm-none-eabi/10.3.1/../../../../arm-none-eabi/lib/thumb/v7e-m+fp/hard\libc.a(lib_a-svfprintf.o)
                              c:/progra~2/gnuarm~1/102021~1.10/bin/../lib/gcc/arm-none-eabi/10.3.1/../../../../arm-none-eabi/lib/thumb/v7e-m+fp/hard\libc.a(lib_a-snprintf.o) (_svfprintf_r)
c:/progra~2/gnuarm~1/102021~1.10/bin/../lib/gcc/arm-none-eabi/10.3.1/../../../../arm-none-eabi/lib/thumb/v7e-m+fp/hard\libc.a(lib_a-svfscanf.o)
                              c:/progra~2/gnuarm~1/102021~1.10/bin/../lib/gcc/arm-none-eabi/10.3.1/../../../../arm-none-eabi/lib/thumb/v7e-m+fp/hard\libc.a(lib_a-sscanf.o) (__ssvfscanf_r)
c:/progra~2/gnuarm~1/102021~1.10/bin/../lib/gcc/arm-none-eabi/10.3.1/../../../../arm-none-eabi/lib/thumb/v7e-m+fp/hard\libc.a(lib_a-writer.o)
                              c:/progra~2/gnuarm~1/102021~1.10/bin/../lib/gcc/arm-none-eabi/10.3.1/../../../../arm-none-eabi/lib/thumb/v7e-m+fp/hard\libc.a(lib_a-stdio.o) (_write_r)
c:/progra~2/gnuarm~1/102021~1.10/bin/../lib/gcc/arm-none-eabi/10.3.1/../../../../arm-none-eabi/lib/thumb/v7e-m+fp/hard\libc.a(lib_a-closer.o)
                              c:/progra~2/gnuarm~1/102021~1.10/bin/../lib/gcc/arm-none-eabi/10.3.1/../../../../arm-none-eabi/lib/thumb/v7e-m+fp/hard\libc.a(lib_a-stdio.o) (_close_r)
c:/progra~2/gnuarm~1/102021~1.10/bin/../lib/gcc/arm-none-eabi/10.3.1/../../../../arm-none-eabi/lib/thumb/v7e-m+fp/hard\libc.a(lib_a-ctype_.o)
                              c:/progra~2/gnuarm~1/102021~1.10/bin/../lib/gcc/arm-none-eabi/10.3.1/../../../../arm-none-eabi/lib/thumb/v7e-m+fp/hard\libc.a(lib_a-svfscanf.o) (_ctype_)
c:/progra~2/gnuarm~1/102021~1.10/bin/../lib/gcc/arm-none-eabi/10.3.1/../../../../arm-none-eabi/lib/thumb/v7e-m+fp/hard\libc.a(lib_a-dtoa.o)
                              c:/progra~2/gnuarm~1/102021~1.10/bin/../lib/gcc/arm-none-eabi/10.3.1/../../../../arm-none-eabi/lib/thumb/v7e-m+fp/hard\libc.a(lib_a-svfprintf.o) (_dtoa_r)
c:/progra~2/gnuarm~1/102021~1.10/bin/../lib/gcc/arm-none-eabi/10.3.1/../../../../arm-none-eabi/lib/thumb/v7e-m+fp/hard\libc.a(lib_a-impure.o)
                              c:/progra~2/gnuarm~1/102021~1.10/bin/../lib/gcc/arm-none-eabi/10.3.1/../../../../arm-none-eabi/lib/thumb/v7e-m+fp/hard\libc.a(lib_a-snprintf.o) (_impure_ptr)
c:/progra~2/gnuarm~1/102021~1.10/bin/../lib/gcc/arm-none-eabi/10.3.1/../../../../arm-none-eabi/lib/thumb/v7e-m+fp/hard\libc.a(lib_a-iswspace.o)
                              c:/progra~2/gnuarm~1/102021~1.10/bin/../lib/gcc/arm-none-eabi/10.3.1/../../../../arm-none-eabi/lib/thumb/v7e-m+fp/hard\libc.a(lib_a-svfscanf.o) (iswspace)
c:/progra~2/gnuarm~1/102021~1.10/bin/../lib/gcc/arm-none-eabi/10.3.1/../../../../arm-none-eabi/lib/thumb/v7e-m+fp/hard\libc.a(lib_a-iswspace_l.o)
                              c:/progra~2/gnuarm~1/102021~1.10/bin/../lib/gcc/arm-none-eabi/10.3.1/../../../../arm-none-eabi/lib/thumb/v7e-m+fp/hard\libc.a(lib_a-iswspace.o) (iswspace_l)
[...]
Memory Configuration

Name             Origin             Length             Attributes
*default*        0x00000000         0xffffffff

Linker script and memory map

LOAD CMakeFiles\hello_world_DEVICE.dir\src\inventory.c.obj
LOAD CMakeFiles\hello_world_DEVICE.dir\src\jsonparser.c.obj
LOAD CMakeFiles\hello_world_DEVICE.dir\src\main.c.obj
LOAD CMakeFiles\hello_world_DEVICE.dir\src\menu.c.obj
LOAD CMakeFiles\hello_world_DEVICE.dir\src\overworld.c.obj
LOAD CMakeFiles\hello_world_DEVICE.dir\src\scenemanager.c.obj
LOAD CMakeFiles\hello_world_DEVICE.dir\src\sprite.c.obj
LOAD CMakeFiles\hello_world_DEVICE.dir\src\syscalls.c.obj
LOAD CMakeFiles\hello_world_DEVICE.dir\C_\Users\berge\Documents\PlaydateSDK\C_API\buildsupport\setup.c.obj
START GROUP
LOAD c:/progra~2/gnuarm~1/102021~1.10/bin/../lib/gcc/arm-none-eabi/10.3.1/thumb/v7e-m+fp/hard\libgcc.a
LOAD c:/progra~2/gnuarm~1/102021~1.10/bin/../lib/gcc/arm-none-eabi/10.3.1/../../../../arm-none-eabi/lib/thumb/v7e-m+fp/hard\libc.a
END GROUP
START GROUP
LOAD c:/progra~2/gnuarm~1/102021~1.10/bin/../lib/gcc/arm-none-eabi/10.3.1/thumb/v7e-m+fp/hard\libgcc.a
LOAD c:/progra~2/gnuarm~1/102021~1.10/bin/../lib/gcc/arm-none-eabi/10.3.1/../../../../arm-none-eabi/lib/thumb/v7e-m+fp/hard\libc.a
LOAD c:/progra~2/gnuarm~1/102021~1.10/bin/../lib/gcc/arm-none-eabi/10.3.1/../../../../arm-none-eabi/lib/thumb/v7e-m+fp/hard\libm.a
END GROUP

.text           0x00000000     0xc7f4
 *(.text)
 .text          0x00000000      0x378 c:/progra~2/gnuarm~1/102021~1.10/bin/../lib/gcc/arm-none-eabi/10.3.1/thumb/v7e-m+fp/hard\libgcc.a(_arm_addsubdf3.o)
                0x00000000                __aeabi_drsub
                0x00000008                __aeabi_dsub
                0x00000008                __subdf3
                0x0000000c                __aeabi_dadd
                0x0000000c                __adddf3
                0x00000284                __floatunsidf
                0x00000284                __aeabi_ui2d
                0x000002a4                __floatsidf
                0x000002a4                __aeabi_i2d
                0x000002c8                __aeabi_f2d
                0x000002c8                __extendsfdf2
                0x0000030c                __floatundidf
                0x0000030c                __aeabi_ul2d
                0x0000031c                __floatdidf
                0x0000031c                __aeabi_l2d
 *fill*         0x00000378        0x8 
 .text          0x00000380      0x2dc c:/progra~2/gnuarm~1/102021~1.10/bin/../lib/gcc/arm-none-eabi/10.3.1/../../../../arm-none-eabi/lib/thumb/v7e-m+fp/hard\libc.a(lib_a-strcmp.o)
                0x00000388                strcmp
 *fill*         0x0000065c       0x24 
 .text          0x00000680       0xdc c:/progra~2/gnuarm~1/102021~1.10/bin/../lib/gcc/arm-none-eabi/10.3.1/../../../../arm-none-eabi/lib/thumb/v7e-m+fp/hard\libc.a(lib_a-strlen.o)
                0x00000680                strlen
 *fill*         0x0000075c        0x4 
 .text          0x00000760       0xa0 c:/progra~2/gnuarm~1/102021~1.10/bin/../lib/gcc/arm-none-eabi/10.3.1/../../../../arm-none-eabi/lib/thumb/v7e-m+fp/hard\libc.a(lib_a-memchr.o)
                0x00000760                memchr
 .text          0x00000800      0x134 c:/progra~2/gnuarm~1/102021~1.10/bin/../lib/gcc/arm-none-eabi/10.3.1/../../../../arm-none-eabi/lib/thumb/v7e-m+fp/hard\libc.a(lib_a-memcpy.o)
                0x00000800                memcpy
 .text          0x00000934      0x424 c:/progra~2/gnuarm~1/102021~1.10/bin/../lib/gcc/arm-none-eabi/10.3.1/thumb/v7e-m+fp/hard\libgcc.a(_arm_muldivdf3.o)
                0x00000934                __aeabi_dmul
                0x00000934                __muldf3
                0x00000b88                __divdf3
                0x00000b88                __aeabi_ddiv
 .text          0x00000d58      0x110 c:/progra~2/gnuarm~1/102021~1.10/bin/../lib/gcc/arm-none-eabi/10.3.1/thumb/v7e-m+fp/hard\libgcc.a(_arm_cmpdf2.o)
                0x00000d58                __gtdf2
                0x00000d58                __gedf2
                0x00000d60                __ltdf2
                0x00000d60                __ledf2
                0x00000d68                __nedf2
                0x00000d68                __eqdf2
                0x00000d68                __cmpdf2
                0x00000de4                __aeabi_cdrcmple
                0x00000df4                __aeabi_cdcmpeq
                0x00000df4                __aeabi_cdcmple
                0x00000e04                __aeabi_dcmpeq
                0x00000e18                __aeabi_dcmplt
                0x00000e2c                __aeabi_dcmple
                0x00000e40                __aeabi_dcmpge
                0x00000e54                __aeabi_dcmpgt
 .text          0x00000e68       0x2c c:/progra~2/gnuarm~1/102021~1.10/bin/../lib/gcc/arm-none-eabi/10.3.1/thumb/v7e-m+fp/hard\libgcc.a(_arm_unorddf2.o)
                0x00000e68                __unorddf2
                0x00000e68                __aeabi_dcmpun
 .text          0x00000e94       0x50 c:/progra~2/gnuarm~1/102021~1.10/bin/../lib/gcc/arm-none-eabi/10.3.1/thumb/v7e-m+fp/hard\libgcc.a(_arm_fixdfsi.o)
                0x00000e94                __aeabi_d2iz
                0x00000e94                __fixdfsi
 .text          0x00000ee4       0x40 c:/progra~2/gnuarm~1/102021~1.10/bin/../lib/gcc/arm-none-eabi/10.3.1/thumb/v7e-m+fp/hard\libgcc.a(_arm_fixunsdfsi.o)
                0x00000ee4                __aeabi_d2uiz
                0x00000ee4                __fixunsdfsi
 .text          0x00000f24       0xa0 c:/progra~2/gnuarm~1/102021~1.10/bin/../lib/gcc/arm-none-eabi/10.3.1/thumb/v7e-m+fp/hard\libgcc.a(_arm_truncdfsf2.o)
                0x00000f24                __truncdfsf2
                0x00000f24                __aeabi_d2f
 .text          0x00000fc4       0x30 c:/progra~2/gnuarm~1/102021~1.10/bin/../lib/gcc/arm-none-eabi/10.3.1/thumb/v7e-m+fp/hard\libgcc.a(_aeabi_uldivmod.o)
                0x00000fc4                __aeabi_uldivmod
 .text          0x00000ff4       0x30 c:/progra~2/gnuarm~1/102021~1.10/bin/../lib/gcc/arm-none-eabi/10.3.1/thumb/v7e-m+fp/hard\libgcc.a(_fixdfdi.o)
                0x00000ff4                __fixdfdi
                0x00000ff4                __aeabi_d2lz
 .text          0x00001024       0x3c c:/progra~2/gnuarm~1/102021~1.10/bin/../lib/gcc/arm-none-eabi/10.3.1/thumb/v7e-m+fp/hard\libgcc.a(_fixunsdfdi.o)
                0x00001024                __fixunsdfdi
                0x00001024                __aeabi_d2ulz
 .text          0x00001060      0x2d0 c:/progra~2/gnuarm~1/102021~1.10/bin/../lib/gcc/arm-none-eabi/10.3.1/thumb/v7e-m+fp/hard\libgcc.a(_udivmoddi4.o)
                0x00001060                __udivmoddi4
 .text          0x00001330        0x4 c:/progra~2/gnuarm~1/102021~1.10/bin/../lib/gcc/arm-none-eabi/10.3.1/thumb/v7e-m+fp/hard\libgcc.a(_dvmd_tls.o)
                0x00001330                __aeabi_idiv0
                0x00001330                __aeabi_ldiv0
 *(.text.*)
 *fill*         0x00001334        0xc 
 .text.invOnEnter
                0x00001340       0x74 CMakeFiles\hello_world_DEVICE.dir\src\inventory.c.obj
                0x00001340                invOnEnter
 *fill*         0x000013b4        0xc 
 .text.invOnExit
                0x000013c0        0xc CMakeFiles\hello_world_DEVICE.dir\src\inventory.c.obj
                0x000013c0                invOnExit
 *fill*         0x000013cc        0x4 
 .text.invUpdate
                0x000013d0       0xcc CMakeFiles\hello_world_DEVICE.dir\src\inventory.c.obj
                0x000013d0                invUpdate
 *fill*         0x0000149c        0x4 
 .text.drawText
                0x000014a0      0x118 CMakeFiles\hello_world_DEVICE.dir\src\inventory.c.obj
                0x000014a0                drawText
 *fill*         0x000015b8        0x8 
 .text.invDraw  0x000015c0       0xbc CMakeFiles\hello_world_DEVICE.dir\src\inventory.c.obj
                0x000015c0                invDraw
 *fill*         0x0000167c        0x4 
 .text.json_stringValue
                0x00001680       0x1c CMakeFiles\hello_world_DEVICE.dir\src\jsonparser.c.obj
 *fill*         0x0000169c        0x4 
 .text.getDecoderItems
                0x000016a0       0x6c CMakeFiles\hello_world_DEVICE.dir\src\jsonparser.c.obj
                0x000016a0                getDecoderItems
 *fill*         0x0000170c        0x4 
 .text.decodeItems
                0x00001710       0x58 CMakeFiles\hello_world_DEVICE.dir\src\jsonparser.c.obj
                0x00001710                decodeItems
 *fill*         0x00001768        0x8 
 .text.readFile
                0x00001770       0x28 CMakeFiles\hello_world_DEVICE.dir\src\jsonparser.c.obj
                0x00001770                readFile
 *fill*         0x00001798        0x8 
 .text.decodeError
                0x000017a0       0x2c CMakeFiles\hello_world_DEVICE.dir\src\jsonparser.c.obj
                0x000017a0                decodeError
 *fill*         0x000017cc        0x4 
 .text.didDecodeTableValueItems
                0x000017d0      0x2b8 CMakeFiles\hello_world_DEVICE.dir\src\jsonparser.c.obj
                0x000017d0                didDecodeTableValueItems
 *fill*         0x00001a88        0x8 
 .text.didDecodeSublistItems
                0x00001a90       0x74 CMakeFiles\hello_world_DEVICE.dir\src\jsonparser.c.obj
                0x00001a90                didDecodeSublistItems
 *fill*         0x00001b04        0xc 
 .text.willDecodeSublistItems
                0x00001b10       0x74 CMakeFiles\hello_world_DEVICE.dir\src\jsonparser.c.obj
                0x00001b10                willDecodeSublistItems
 *fill*         0x00001b84        0xc 
 .text.shouldDecodeTableValueForKey
                0x00001b90       0x10 CMakeFiles\hello_world_DEVICE.dir\src\jsonparser.c.obj
                0x00001b90                shouldDecodeTableValueForKey
 .text.shouldDecodeArrayValueAtIndex
                0x00001ba0       0x10 CMakeFiles\hello_world_DEVICE.dir\src\jsonparser.c.obj
                0x00001ba0                shouldDecodeArrayValueAtIndex
 .text.didDecodeArrayValue
                0x00001bb0       0x14 CMakeFiles\hello_world_DEVICE.dir\src\jsonparser.c.obj
                0x00001bb0                didDecodeArrayValue
 *fill*         0x00001bc4        0xc 
 .text.eventHandler
                0x00001bd0      0x4cc CMakeFiles\hello_world_DEVICE.dir\src\main.c.obj
                0x00001bd0                eventHandler
 *fill*         0x0000209c        0x4 
 .text.update   0x000020a0       0x90 CMakeFiles\hello_world_DEVICE.dir\src\main.c.obj
 .text.overworldEnter
                0x00002130       0x14 CMakeFiles\hello_world_DEVICE.dir\src\overworld.c.obj
                0x00002130                overworldEnter
 *fill*         0x00002144        0xc 
 .text.overworldExit
                0x00002150        0xc CMakeFiles\hello_world_DEVICE.dir\src\overworld.c.obj
                0x00002150                overworldExit
 *fill*         0x0000215c        0x4 
 .text.updateCamera
                0x00002160       0x8c CMakeFiles\hello_world_DEVICE.dir\src\overworld.c.obj
                0x00002160                updateCamera
 *fill*         0x000021ec        0x4 
 .text.drawTileInd
                0x000021f0       0x74 CMakeFiles\hello_world_DEVICE.dir\src\overworld.c.obj
                0x000021f0                drawTileInd
 *fill*         0x00002264        0xc 
 .text.drawPlayer
                0x00002270       0x2c CMakeFiles\hello_world_DEVICE.dir\src\overworld.c.obj
                0x00002270                drawPlayer
 *fill*         0x0000229c        0x4 
 .text.drawMap  0x000022a0       0xcc CMakeFiles\hello_world_DEVICE.dir\src\overworld.c.obj
                0x000022a0                drawMap
 *fill*         0x0000236c        0x4 
 .text.processPlayerInput
                0x00002370       0xc8 CMakeFiles\hello_world_DEVICE.dir\src\overworld.c.obj
                0x00002370                processPlayerInput
 *fill*         0x00002438        0x8 
 .text.drawHub  0x00002440       0xac CMakeFiles\hello_world_DEVICE.dir\src\overworld.c.obj
                0x00002440                drawHub
 *fill*         0x000024ec        0x4 
 .text.handle_info_overview
                0x000024f0      0x12c CMakeFiles\hello_world_DEVICE.dir\src\overworld.c.obj
                0x000024f0                handle_info_overview
 *fill*         0x0000261c        0x4 
 .text.overworldUpdate
                0x00002620      0x23c CMakeFiles\hello_world_DEVICE.dir\src\overworld.c.obj
                0x00002620                overworldUpdate
 *fill*         0x0000285c        0x4 
 .text.overworldDraw
                0x00002860       0x48 CMakeFiles\hello_world_DEVICE.dir\src\overworld.c.obj
                0x00002860                overworldDraw
 *fill*         0x000028a8        0x8 
 .text.changeScene
                0x000028b0       0xd4 CMakeFiles\hello_world_DEVICE.dir\src\scenemanager.c.obj
                0x000028b0                changeScene
 *fill*         0x00002984        0xc 
 .text.updateScene
                0x00002990       0x30 CMakeFiles\hello_world_DEVICE.dir\src\scenemanager.c.obj
                0x00002990                updateScene
 .text.drawSprite
                0x000029c0       0x40 CMakeFiles\hello_world_DEVICE.dir\src\sprite.c.obj
                0x000029c0                drawSprite
 .text.drawAnimatedSprite
                0x00002a00       0xec CMakeFiles\hello_world_DEVICE.dir\src\sprite.c.obj
                0x00002a00                drawAnimatedSprite
 *fill*         0x00002aec        0x4 
 .text.newSpriteFromTable
                0x00002af0       0x3c CMakeFiles\hello_world_DEVICE.dir\src\sprite.c.obj
                0x00002af0                newSpriteFromTable
 *fill*         0x00002b2c        0x4 
 .text.newAnimatedSprite
                0x00002b30       0xcc CMakeFiles\hello_world_DEVICE.dir\src\sprite.c.obj
                0x00002b30                newAnimatedSprite
 *fill*         0x00002bfc        0x4 
 .text.newBitmap
                0x00002c00       0x5c CMakeFiles\hello_world_DEVICE.dir\src\sprite.c.obj
                0x00002c00                newBitmap
 *fill*         0x00002c5c        0x4 
 .text.newBitmapTable
                0x00002c60       0x54 CMakeFiles\hello_world_DEVICE.dir\src\sprite.c.obj
                0x00002c60                newBitmapTable
 *fill*         0x00002cb4        0xc 
 .text._write   0x00002cc0       0x10 CMakeFiles\hello_world_DEVICE.dir\src\syscalls.c.obj
                0x00002cc0                _write
 .text._read    0x00002cd0       0x10 CMakeFiles\hello_world_DEVICE.dir\src\syscalls.c.obj
                0x00002cd0                _read
 .text._close   0x00002ce0        0xc CMakeFiles\hello_world_DEVICE.dir\src\syscalls.c.obj
                0x00002ce0                _close
 *fill*         0x00002cec        0x4 
 .text._lseek   0x00002cf0       0x10 CMakeFiles\hello_world_DEVICE.dir\src\syscalls.c.obj
                0x00002cf0                _lseek
 .text._isatty  0x00002d00        0xc CMakeFiles\hello_world_DEVICE.dir\src\syscalls.c.obj
                0x00002d00                _isatty
 *fill*         0x00002d0c        0x4 
 .text._exit    0x00002d10        0x8 CMakeFiles\hello_world_DEVICE.dir\src\syscalls.c.obj
                0x00002d10                _exit
 *fill*         0x00002d18        0x8 
 .text._kill    0x00002d20       0x10 CMakeFiles\hello_world_DEVICE.dir\src\syscalls.c.obj
                0x00002d20                _kill
 .text._getpid  0x00002d30        0x8 CMakeFiles\hello_world_DEVICE.dir\src\syscalls.c.obj
                0x00002d30                _getpid
 *fill*         0x00002d38        0x8 
 .text._fstat   0x00002d40       0x18 CMakeFiles\hello_world_DEVICE.dir\src\syscalls.c.obj
                0x00002d40                _fstat
 *fill*         0x00002d58        0x8 
 .text.eventHandlerShim
                0x00002d60       0x3c CMakeFiles\hello_world_DEVICE.dir\C_\Users\berge\Documents\PlaydateSDK\C_API\buildsupport\setup.c.obj
                0x00002d60                eventHandlerShim
 *fill*         0x00002d9c        0x4 
 .text._malloc_r
                0x00002da0       0x20 CMakeFiles\hello_world_DEVICE.dir\C_\Users\berge\Documents\PlaydateSDK\C_API\buildsupport\setup.c.obj
                0x00002da0                _malloc_r
 .text._realloc_r
                0x00002dc0       0x24 CMakeFiles\hello_world_DEVICE.dir\C_\Users\berge\Documents\PlaydateSDK\C_API\buildsupport\setup.c.obj
                0x00002dc0                _realloc_r
 *fill*         0x00002de4        0xc 
 .text._free_r  0x00002df0       0x24 CMakeFiles\hello_world_DEVICE.dir\C_\Users\berge\Documents\PlaydateSDK\C_API\buildsupport\setup.c.obj
                0x00002df0                _free_r
 .text.memset   0x00002e14       0xa4 c:/progra~2/gnuarm~1/102021~1.10/bin/../lib/gcc/arm-none-eabi/10.3.1/../../../../arm-none-eabi/lib/thumb/v7e-m+fp/hard\libc.a(lib_a-memset.o)
                0x00002e14                memset
 .text.snprintf
                0x00002eb8       0x88 c:/progra~2/gnuarm~1/102021~1.10/bin/../lib/gcc/arm-none-eabi/10.3.1/../../../../arm-none-eabi/lib/thumb/v7e-m+fp/hard\libc.a(lib_a-snprintf.o)
                0x00002eb8                snprintf
 .text.sscanf   0x00002f40       0x58 c:/progra~2/gnuarm~1/102021~1.10/bin/../lib/gcc/arm-none-eabi/10.3.1/../../../../arm-none-eabi/lib/thumb/v7e-m+fp/hard\libc.a(lib_a-sscanf.o)
                0x00002f40                sscanf
 .text.__sread  0x00002f98       0x24 c:/progra~2/gnuarm~1/102021~1.10/bin/../lib/gcc/arm-none-eabi/10.3.1/../../../../arm-none-eabi/lib/thumb/v7e-m+fp/hard\libc.a(lib_a-stdio.o)
                0x00002f98                __sread
 .text.__seofread
                0x00002fbc        0x4 c:/progra~2/gnuarm~1/102021~1.10/bin/../lib/gcc/arm-none-eabi/10.3.1/../../../../arm-none-eabi/lib/thumb/v7e-m+fp/hard\libc.a(lib_a-stdio.o)
                0x00002fbc                __seofread
 .text.__swrite
                0x00002fc0       0x40 c:/progra~2/gnuarm~1/102021~1.10/bin/../lib/gcc/arm-none-eabi/10.3.1/../../../../arm-none-eabi/lib/thumb/v7e-m+fp/hard\libc.a(lib_a-stdio.o)
                0x00002fc0                __swrite
 .text.__sseek  0x00003000       0x20 c:/progra~2/gnuarm~1/102021~1.10/bin/../lib/gcc/arm-none-eabi/10.3.1/../../../../arm-none-eabi/lib/thumb/v7e-m+fp/hard\libc.a(lib_a-stdio.o)
                0x00003000                __sseek
 .text.__sclose
                0x00003020        0x8 c:/progra~2/gnuarm~1/102021~1.10/bin/../lib/gcc/arm-none-eabi/10.3.1/../../../../arm-none-eabi/lib/thumb/v7e-m+fp/hard\libc.a(lib_a-stdio.o)
                0x00003020                __sclose
 .text.strncpy  0x00003028       0x64 c:/progra~2/gnuarm~1/102021~1.10/bin/../lib/gcc/arm-none-eabi/10.3.1/../../../../arm-none-eabi/lib/thumb/v7e-m+fp/hard\libc.a(lib_a-strncpy.o)
                0x00003028                strncpy
 *fill*         0x0000308c        0x4 
 .text._svfprintf_r
                0x00003090     0x1acc c:/progra~2/gnuarm~1/102021~1.10/bin/../lib/gcc/arm-none-eabi/10.3.1/../../../../arm-none-eabi/lib/thumb/v7e-m+fp/hard\libc.a(lib_a-svfprintf.o)
                0x00003090                _svfprintf_r
 .text.__ssvfscanf_r
                0x00004b5c     0x1754 c:/progra~2/gnuarm~1/102021~1.10/bin/../lib/gcc/arm-none-eabi/10.3.1/../../../../arm-none-eabi/lib/thumb/v7e-m+fp/hard\libc.a(lib_a-svfscanf.o)
                0x00004b5c                __ssvfscanf_r
 .text._write_r
                0x000062b0       0x2c c:/progra~2/gnuarm~1/102021~1.10/bin/../lib/gcc/arm-none-eabi/10.3.1/../../../../arm-none-eabi/lib/thumb/v7e-m+fp/hard\libc.a(lib_a-writer.o)
                0x000062b0                _write_r
 .text._close_r
                0x000062dc       0x24 c:/progra~2/gnuarm~1/102021~1.10/bin/../lib/gcc/arm-none-eabi/10.3.1/../../../../arm-none-eabi/lib/thumb/v7e-m+fp/hard\libc.a(lib_a-closer.o)
                0x000062dc                _close_r
 .text.quorem   0x00006300      0x128 c:/progra~2/gnuarm~1/102021~1.10/bin/../lib/gcc/arm-none-eabi/10.3.1/../../../../arm-none-eabi/lib/thumb/v7e-m+fp/hard\libc.a(lib_a-dtoa.o)
 .text._dtoa_r  0x00006428      0xf3c c:/progra~2/gnuarm~1/102021~1.10/bin/../lib/gcc/arm-none-eabi/10.3.1/../../../../arm-none-eabi/lib/thumb/v7e-m+fp/hard\libc.a(lib_a-dtoa.o)
                0x00006428                _dtoa_r
 .text.iswspace
                0x00007364        0x8 c:/progra~2/gnuarm~1/102021~1.10/bin/../lib/gcc/arm-none-eabi/10.3.1/../../../../arm-none-eabi/lib/thumb/v7e-m+fp/hard\libc.a(lib_a-iswspace.o)
                0x00007364                iswspace
 .text.iswspace_l
                0x0000736c       0x14 c:/progra~2/gnuarm~1/102021~1.10/bin/../lib/gcc/arm-none-eabi/10.3.1/../../../../arm-none-eabi/lib/thumb/v7e-m+fp/hard\libc.a(lib_a-iswspace_l.o)
                0x0000736c                iswspace_l
 .text.__locale_mb_cur_max
                0x00007380        0xc c:/progra~2/gnuarm~1/102021~1.10/bin/../lib/gcc/arm-none-eabi/10.3.1/../../../../arm-none-eabi/lib/thumb/v7e-m+fp/hard\libc.a(lib_a-locale.o)
                0x00007380                __locale_mb_cur_max
 .text._localeconv_r
                0x0000738c        0x8 c:/progra~2/gnuarm~1/102021~1.10/bin/../lib/gcc/arm-none-eabi/10.3.1/../../../../arm-none-eabi/lib/thumb/v7e-m+fp/hard\libc.a(lib_a-localeconv.o)
                0x0000738c                _localeconv_r
 .text._lseek_r
                0x00007394       0x2c c:/progra~2/gnuarm~1/102021~1.10/bin/../lib/gcc/arm-none-eabi/10.3.1/../../../../arm-none-eabi/lib/thumb/v7e-m+fp/hard\libc.a(lib_a-lseekr.o)
                0x00007394                _lseek_r
 .text.malloc   0x000073c0       0x10 c:/progra~2/gnuarm~1/102021~1.10/bin/../lib/gcc/arm-none-eabi/10.3.1/../../../../arm-none-eabi/lib/thumb/v7e-m+fp/hard\libc.a(lib_a-malloc.o)
                0x000073c0                malloc
 .text.free     0x000073d0       0x10 c:/progra~2/gnuarm~1/102021~1.10/bin/../lib/gcc/arm-none-eabi/10.3.1/../../../../arm-none-eabi/lib/thumb/v7e-m+fp/hard\libc.a(lib_a-malloc.o)
                0x000073d0                free
 .text._mbrtowc_r
                0x000073e0       0x44 c:/progra~2/gnuarm~1/102021~1.10/bin/../lib/gcc/arm-none-eabi/10.3.1/../../../../arm-none-eabi/lib/thumb/v7e-m+fp/hard\libc.a(lib_a-mbrtowc.o)
                0x000073e0                _mbrtowc_r
 .text.__ascii_mbtowc
                0x00007424       0x2c c:/progra~2/gnuarm~1/102021~1.10/bin/../lib/gcc/arm-none-eabi/10.3.1/../../../../arm-none-eabi/lib/thumb/v7e-m+fp/hard\libc.a(lib_a-mbtowc_r.o)
                0x00007424                __ascii_mbtowc
 .text._Balloc  0x00007450       0x4c c:/progra~2/gnuarm~1/102021~1.10/bin/../lib/gcc/arm-none-eabi/10.3.1/../../../../arm-none-eabi/lib/thumb/v7e-m+fp/hard\libc.a(lib_a-mprec.o)
                0x00007450                _Balloc
 .text._Bfree   0x0000749c       0x14 c:/progra~2/gnuarm~1/102021~1.10/bin/../lib/gcc/arm-none-eabi/10.3.1/../../../../arm-none-eabi/lib/thumb/v7e-m+fp/hard\libc.a(lib_a-mprec.o)
                0x0000749c                _Bfree
 .text.__multadd
                0x000074b0       0xa8 c:/progra~2/gnuarm~1/102021~1.10/bin/../lib/gcc/arm-none-eabi/10.3.1/../../../../arm-none-eabi/lib/thumb/v7e-m+fp/hard\libc.a(lib_a-mprec.o)
                0x000074b0                __multadd
 .text.__s2b    0x00007558       0xb4 c:/progra~2/gnuarm~1/102021~1.10/bin/../lib/gcc/arm-none-eabi/10.3.1/../../../../arm-none-eabi/lib/thumb/v7e-m+fp/hard\libc.a(lib_a-mprec.o)
                0x00007558                __s2b
 .text.__hi0bits
                0x0000760c       0x40 c:/progra~2/gnuarm~1/102021~1.10/bin/../lib/gcc/arm-none-eabi/10.3.1/../../../../arm-none-eabi/lib/thumb/v7e-m+fp/hard\libc.a(lib_a-mprec.o)
                0x0000760c                __hi0bits
 .text.__lo0bits
                0x0000764c       0x60 c:/progra~2/gnuarm~1/102021~1.10/bin/../lib/gcc/arm-none-eabi/10.3.1/../../../../arm-none-eabi/lib/thumb/v7e-m+fp/hard\libc.a(lib_a-mprec.o)
                0x0000764c                __lo0bits
 .text.__i2b    0x000076ac       0x5c c:/progra~2/gnuarm~1/102021~1.10/bin/../lib/gcc/arm-none-eabi/10.3.1/../../../../arm-none-eabi/lib/thumb/v7e-m+fp/hard\libc.a(lib_a-mprec.o)
                0x000076ac                __i2b
 .text.__multiply
                0x00007708      0x15c c:/progra~2/gnuarm~1/102021~1.10/bin/../lib/gcc/arm-none-eabi/10.3.1/../../../../arm-none-eabi/lib/thumb/v7e-m+fp/hard\libc.a(lib_a-mprec.o)
                0x00007708                __multiply
 .text.__pow5mult
                0x00007864       0xc0 c:/progra~2/gnuarm~1/102021~1.10/bin/../lib/gcc/arm-none-eabi/10.3.1/../../../../arm-none-eabi/lib/thumb/v7e-m+fp/hard\libc.a(lib_a-mprec.o)
                0x00007864                __pow5mult
 .text.__lshift
                0x00007924       0xf0 c:/progra~2/gnuarm~1/102021~1.10/bin/../lib/gcc/arm-none-eabi/10.3.1/../../../../arm-none-eabi/lib/thumb/v7e-m+fp/hard\libc.a(lib_a-mprec.o)
                0x00007924                __lshift
 .text.__mcmp   0x00007a14       0x44 c:/progra~2/gnuarm~1/102021~1.10/bin/../lib/gcc/arm-none-eabi/10.3.1/../../../../arm-none-eabi/lib/thumb/v7e-m+fp/hard\libc.a(lib_a-mprec.o)
                0x00007a14                __mcmp
 .text.__mdiff  0x00007a58      0x14c c:/progra~2/gnuarm~1/102021~1.10/bin/../lib/gcc/arm-none-eabi/10.3.1/../../../../arm-none-eabi/lib/thumb/v7e-m+fp/hard\libc.a(lib_a-mprec.o)
                0x00007a58                __mdiff
 .text.__ulp    0x00007ba4       0x60 c:/progra~2/gnuarm~1/102021~1.10/bin/../lib/gcc/arm-none-eabi/10.3.1/../../../../arm-none-eabi/lib/thumb/v7e-m+fp/hard\libc.a(lib_a-mprec.o)
                0x00007ba4                __ulp
 .text.__b2d    0x00007c04       0xc0 c:/progra~2/gnuarm~1/102021~1.10/bin/../lib/gcc/arm-none-eabi/10.3.1/../../../../arm-none-eabi/lib/thumb/v7e-m+fp/hard\libc.a(lib_a-mprec.o)
                0x00007c04                __b2d
 .text.__d2b    0x00007cc4       0xd0 c:/progra~2/gnuarm~1/102021~1.10/bin/../lib/gcc/arm-none-eabi/10.3.1/../../../../arm-none-eabi/lib/thumb/v7e-m+fp/hard\libc.a(lib_a-mprec.o)
                0x00007cc4                __d2b
 .text.__ratio  0x00007d94       0x5c c:/progra~2/gnuarm~1/102021~1.10/bin/../lib/gcc/arm-none-eabi/10.3.1/../../../../arm-none-eabi/lib/thumb/v7e-m+fp/hard\libc.a(lib_a-mprec.o)
                0x00007d94                __ratio
 .text.__copybits
                0x00007df0       0x5c c:/progra~2/gnuarm~1/102021~1.10/bin/../lib/gcc/arm-none-eabi/10.3.1/../../../../arm-none-eabi/lib/thumb/v7e-m+fp/hard\libc.a(lib_a-mprec.o)
                0x00007df0                __copybits
 .text.__any_on
                0x00007e4c       0x64 c:/progra~2/gnuarm~1/102021~1.10/bin/../lib/gcc/arm-none-eabi/10.3.1/../../../../arm-none-eabi/lib/thumb/v7e-m+fp/hard\libc.a(lib_a-mprec.o)
                0x00007e4c                __any_on
 .text._read_r  0x00007eb0       0x2c c:/progra~2/gnuarm~1/102021~1.10/bin/../lib/gcc/arm-none-eabi/10.3.1/../../../../arm-none-eabi/lib/thumb/v7e-m+fp/hard\libc.a(lib_a-readr.o)
                0x00007eb0                _read_r
 .text.realloc  0x00007edc       0x18 c:/progra~2/gnuarm~1/102021~1.10/bin/../lib/gcc/arm-none-eabi/10.3.1/../../../../arm-none-eabi/lib/thumb/v7e-m+fp/hard\libc.a(lib_a-realloc.o)
                0x00007edc                realloc
 .text.frexp    0x00007ef4       0x6c c:/progra~2/gnuarm~1/102021~1.10/bin/../lib/gcc/arm-none-eabi/10.3.1/../../../../arm-none-eabi/lib/thumb/v7e-m+fp/hard\libc.a(lib_a-s_frexp.o)
                0x00007ef4                frexp
 .text.__sccl   0x00007f60       0x8c c:/progra~2/gnuarm~1/102021~1.10/bin/../lib/gcc/arm-none-eabi/10.3.1/../../../../arm-none-eabi/lib/thumb/v7e-m+fp/hard\libc.a(lib_a-sccl.o)
                0x00007f60                __sccl
 .text.nanf     0x00007fec        0xc c:/progra~2/gnuarm~1/102021~1.10/bin/../lib/gcc/arm-none-eabi/10.3.1/../../../../arm-none-eabi/lib/thumb/v7e-m+fp/hard\libc.a(lib_a-sf_nan.o)
                0x00007fec                nanf
 .text.sprintf  0x00007ff8       0x40 c:/progra~2/gnuarm~1/102021~1.10/bin/../lib/gcc/arm-none-eabi/10.3.1/../../../../arm-none-eabi/lib/thumb/v7e-m+fp/hard\libc.a(lib_a-sprintf.o)
                0x00007ff8                sprintf
 .text._strtod_l
                0x00008038      0xf50 c:/progra~2/gnuarm~1/102021~1.10/bin/../lib/gcc/arm-none-eabi/10.3.1/../../../../arm-none-eabi/lib/thumb/v7e-m+fp/hard\libc.a(lib_a-strtod.o)
                0x00008038                _strtod_l
 .text._strtod_r
                0x00008f88        0xc c:/progra~2/gnuarm~1/102021~1.10/bin/../lib/gcc/arm-none-eabi/10.3.1/../../../../arm-none-eabi/lib/thumb/v7e-m+fp/hard\libc.a(lib_a-strtod.o)
                0x00008f88                _strtod_r
 .text._strtol_l.part.0
                0x00008f94      0x120 c:/progra~2/gnuarm~1/102021~1.10/bin/../lib/gcc/arm-none-eabi/10.3.1/../../../../arm-none-eabi/lib/thumb/v7e-m+fp/hard\libc.a(lib_a-strtol.o)
 .text._strtol_r
                0x000090b4       0x1c c:/progra~2/gnuarm~1/102021~1.10/bin/../lib/gcc/arm-none-eabi/10.3.1/../../../../arm-none-eabi/lib/thumb/v7e-m+fp/hard\libc.a(lib_a-strtol.o)
                0x000090b4                _strtol_r
 .text._strtoll_l.constprop.0
                0x000090d0      0x170 c:/progra~2/gnuarm~1/102021~1.10/bin/../lib/gcc/arm-none-eabi/10.3.1/../../../../arm-none-eabi/lib/thumb/v7e-m+fp/hard\libc.a(lib_a-strtoll.o)
 .text._strtoll_r
                0x00009240        0x4 c:/progra~2/gnuarm~1/102021~1.10/bin/../lib/gcc/arm-none-eabi/10.3.1/../../../../arm-none-eabi/lib/thumb/v7e-m+fp/hard\libc.a(lib_a-strtoll.o)
                0x00009240                _strtoll_r
 .text._strtoul_l.constprop.0
                0x00009244      0x13c c:/progra~2/gnuarm~1/102021~1.10/bin/../lib/gcc/arm-none-eabi/10.3.1/../../../../arm-none-eabi/lib/thumb/v7e-m+fp/hard\libc.a(lib_a-strtoul.o)
 .text._strtoul_r
                0x00009380        0x4 c:/progra~2/gnuarm~1/102021~1.10/bin/../lib/gcc/arm-none-eabi/10.3.1/../../../../arm-none-eabi/lib/thumb/v7e-m+fp/hard\libc.a(lib_a-strtoul.o)
                0x00009380                _strtoul_r
 .text._strtoull_l.constprop.0
                0x00009384      0x19c c:/progra~2/gnuarm~1/102021~1.10/bin/../lib/gcc/arm-none-eabi/10.3.1/../../../../arm-none-eabi/lib/thumb/v7e-m+fp/hard\libc.a(lib_a-strtoull.o)
 .text._strtoull_r
                0x00009520        0x4 c:/progra~2/gnuarm~1/102021~1.10/bin/../lib/gcc/arm-none-eabi/10.3.1/../../../../arm-none-eabi/lib/thumb/v7e-m+fp/hard\libc.a(lib_a-strtoull.o)
                0x00009520                _strtoull_r
 .text.__ssprint_r
                0x00009524       0xf8 c:/progra~2/gnuarm~1/102021~1.10/bin/../lib/gcc/arm-none-eabi/10.3.1/../../../../arm-none-eabi/lib/thumb/v7e-m+fp/hard\libc.a(lib_a-svfiprintf.o)
                0x00009524                __ssprint_r
 .text._sungetc_r
                0x0000961c       0x80 c:/progra~2/gnuarm~1/102021~1.10/bin/../lib/gcc/arm-none-eabi/10.3.1/../../../../arm-none-eabi/lib/thumb/v7e-m+fp/hard\libc.a(lib_a-svfiscanf.o)
                0x0000961c                _sungetc_r
 .text.__ssrefill_r
                0x0000969c       0x3c c:/progra~2/gnuarm~1/102021~1.10/bin/../lib/gcc/arm-none-eabi/10.3.1/../../../../arm-none-eabi/lib/thumb/v7e-m+fp/hard\libc.a(lib_a-svfiscanf.o)
                0x0000969c                __ssrefill_r
 .text._sfread_r
                0x000096d8       0xb4 c:/progra~2/gnuarm~1/102021~1.10/bin/../lib/gcc/arm-none-eabi/10.3.1/../../../../arm-none-eabi/lib/thumb/v7e-m+fp/hard\libc.a(lib_a-svfiscanf.o)
                0x000096d8                _sfread_r
 .text.__submore
                0x0000978c       0x78 c:/progra~2/gnuarm~1/102021~1.10/bin/../lib/gcc/arm-none-eabi/10.3.1/../../../../arm-none-eabi/lib/thumb/v7e-m+fp/hard\libc.a(lib_a-ungetc.o)
                0x0000978c                __submore
 .text.__ascii_wctomb
                0x00009804       0x1c c:/progra~2/gnuarm~1/102021~1.10/bin/../lib/gcc/arm-none-eabi/10.3.1/../../../../arm-none-eabi/lib/thumb/v7e-m+fp/hard\libc.a(lib_a-wctomb_r.o)
                0x00009804                __ascii_wctomb
 .text.__assert_func
                0x00009820       0x40 c:/progra~2/gnuarm~1/102021~1.10/bin/../lib/gcc/arm-none-eabi/10.3.1/../../../../arm-none-eabi/lib/thumb/v7e-m+fp/hard\libc.a(lib_a-assert.o)
                0x00009820                __assert_func
 .text._calloc_r
                0x00009860       0x78 c:/progra~2/gnuarm~1/102021~1.10/bin/../lib/gcc/arm-none-eabi/10.3.1/../../../../arm-none-eabi/lib/thumb/v7e-m+fp/hard\libc.a(lib_a-callocr.o)
                0x00009860                _calloc_r
 .text.__errno  0x000098d8        0xc c:/progra~2/gnuarm~1/102021~1.10/bin/../lib/gcc/arm-none-eabi/10.3.1/../../../../arm-none-eabi/lib/thumb/v7e-m+fp/hard\libc.a(lib_a-errno.o)
                0x000098d8                __errno
 .text.__sflush_r
                0x000098e4      0x130 c:/progra~2/gnuarm~1/102021~1.10/bin/../lib/gcc/arm-none-eabi/10.3.1/../../../../arm-none-eabi/lib/thumb/v7e-m+fp/hard\libc.a(lib_a-fflush.o)
                0x000098e4                __sflush_r
 .text._fflush_r
                0x00009a14       0x5c c:/progra~2/gnuarm~1/102021~1.10/bin/../lib/gcc/arm-none-eabi/10.3.1/../../../../arm-none-eabi/lib/thumb/v7e-m+fp/hard\libc.a(lib_a-fflush.o)
                0x00009a14                _fflush_r
 .text._cleanup_r
                0x00009a70        0xc c:/progra~2/gnuarm~1/102021~1.10/bin/../lib/gcc/arm-none-eabi/10.3.1/../../../../arm-none-eabi/lib/thumb/v7e-m+fp/hard\libc.a(lib_a-findfp.o)
                0x00009a70                _cleanup_r
 .text.__sinit  0x00009a7c      0x10c c:/progra~2/gnuarm~1/102021~1.10/bin/../lib/gcc/arm-none-eabi/10.3.1/../../../../arm-none-eabi/lib/thumb/v7e-m+fp/hard\libc.a(lib_a-findfp.o)
                0x00009a7c                __sinit
 .text.__sfp_lock_acquire
                0x00009b88        0xc c:/progra~2/gnuarm~1/102021~1.10/bin/../lib/gcc/arm-none-eabi/10.3.1/../../../../arm-none-eabi/lib/thumb/v7e-m+fp/hard\libc.a(lib_a-findfp.o)
                0x00009b88                __sfp_lock_acquire
 .text.__sfp_lock_release
                0x00009b94        0xc c:/progra~2/gnuarm~1/102021~1.10/bin/../lib/gcc/arm-none-eabi/10.3.1/../../../../arm-none-eabi/lib/thumb/v7e-m+fp/hard\libc.a(lib_a-findfp.o)
                0x00009b94                __sfp_lock_release
 .text.fiprintf
                0x00009ba0       0x28 c:/progra~2/gnuarm~1/102021~1.10/bin/../lib/gcc/arm-none-eabi/10.3.1/../../../../arm-none-eabi/lib/thumb/v7e-m+fp/hard\libc.a(lib_a-fiprintf.o)
                0x00009ba0                fiprintf
 .text._fwalk_reent
                0x00009bc8       0x48 c:/progra~2/gnuarm~1/102021~1.10/bin/../lib/gcc/arm-none-eabi/10.3.1/../../../../arm-none-eabi/lib/thumb/v7e-m+fp/hard\libc.a(lib_a-fwalk.o)
                0x00009bc8                _fwalk_reent
 .text.rshift   0x00009c10       0xa4 c:/progra~2/gnuarm~1/102021~1.10/bin/../lib/gcc/arm-none-eabi/10.3.1/../../../../arm-none-eabi/lib/thumb/v7e-m+fp/hard\libc.a(lib_a-gdtoa-gethex.o)
 .text.__gethex
                0x00009cb4      0x5d8 c:/progra~2/gnuarm~1/102021~1.10/bin/../lib/gcc/arm-none-eabi/10.3.1/../../../../arm-none-eabi/lib/thumb/v7e-m+fp/hard\libc.a(lib_a-gdtoa-gethex.o)
                0x00009cb4                __gethex
 .text.__match  0x0000a28c       0x38 c:/progra~2/gnuarm~1/102021~1.10/bin/../lib/gcc/arm-none-eabi/10.3.1/../../../../arm-none-eabi/lib/thumb/v7e-m+fp/hard\libc.a(lib_a-gdtoa-hexnan.o)
                0x0000a28c                __match
 .text.__hexnan
                0x0000a2c4      0x1ac c:/progra~2/gnuarm~1/102021~1.10/bin/../lib/gcc/arm-none-eabi/10.3.1/../../../../arm-none-eabi/lib/thumb/v7e-m+fp/hard\libc.a(lib_a-gdtoa-hexnan.o)
                0x0000a2c4                __hexnan
 .text.__retarget_lock_init_recursive
                0x0000a470        0x4 c:/progra~2/gnuarm~1/102021~1.10/bin/../lib/gcc/arm-none-eabi/10.3.1/../../../../arm-none-eabi/lib/thumb/v7e-m+fp/hard\libc.a(lib_a-lock.o)
                0x0000a470                __retarget_lock_init_recursive
 .text.__retarget_lock_close_recursive
                0x0000a474        0x4 c:/progra~2/gnuarm~1/102021~1.10/bin/../lib/gcc/arm-none-eabi/10.3.1/../../../../arm-none-eabi/lib/thumb/v7e-m+fp/hard\libc.a(lib_a-lock.o)
                0x0000a474                __retarget_lock_close_recursive
 .text.__retarget_lock_acquire_recursive
                0x0000a478        0x4 c:/progra~2/gnuarm~1/102021~1.10/bin/../lib/gcc/arm-none-eabi/10.3.1/../../../../arm-none-eabi/lib/thumb/v7e-m+fp/hard\libc.a(lib_a-lock.o)
                0x0000a478                __retarget_lock_acquire_recursive
 .text.__retarget_lock_release_recursive
                0x0000a47c        0x4 c:/progra~2/gnuarm~1/102021~1.10/bin/../lib/gcc/arm-none-eabi/10.3.1/../../../../arm-none-eabi/lib/thumb/v7e-m+fp/hard\libc.a(lib_a-lock.o)
                0x0000a47c                __retarget_lock_release_recursive
 .text.memmove  0x0000a480       0xf8 c:/progra~2/gnuarm~1/102021~1.10/bin/../lib/gcc/arm-none-eabi/10.3.1/../../../../arm-none-eabi/lib/thumb/v7e-m+fp/hard\libc.a(lib_a-memmove.o)
                0x0000a480                memmove
 .text.nan      0x0000a578       0x10 c:/progra~2/gnuarm~1/102021~1.10/bin/../lib/gcc/arm-none-eabi/10.3.1/../../../../arm-none-eabi/lib/thumb/v7e-m+fp/hard\libc.a(lib_a-s_nan.o)
                0x0000a578                nan
 .text.strncmp  0x0000a588       0x80 c:/progra~2/gnuarm~1/102021~1.10/bin/../lib/gcc/arm-none-eabi/10.3.1/../../../../arm-none-eabi/lib/thumb/v7e-m+fp/hard\libc.a(lib_a-strncmp.o)
                0x0000a588                strncmp
 .text.__sprint_r.part.0
                0x0000a608       0x78 c:/progra~2/gnuarm~1/102021~1.10/bin/../lib/gcc/arm-none-eabi/10.3.1/../../../../arm-none-eabi/lib/thumb/v7e-m+fp/hard\libc.a(lib_a-vfiprintf.o)
 .text._vfiprintf_r
                0x0000a680      0xdfc c:/progra~2/gnuarm~1/102021~1.10/bin/../lib/gcc/arm-none-eabi/10.3.1/../../../../arm-none-eabi/lib/thumb/v7e-m+fp/hard\libc.a(lib_a-vfiprintf.o)
                0x0000a680                _vfiprintf_r
 .text.__sbprintf
                0x0000b47c       0x80 c:/progra~2/gnuarm~1/102021~1.10/bin/../lib/gcc/arm-none-eabi/10.3.1/../../../../arm-none-eabi/lib/thumb/v7e-m+fp/hard\libc.a(lib_a-vfiprintf.o)
 .text.__swsetup_r
                0x0000b4fc       0xd4 c:/progra~2/gnuarm~1/102021~1.10/bin/../lib/gcc/arm-none-eabi/10.3.1/../../../../arm-none-eabi/lib/thumb/v7e-m+fp/hard\libc.a(lib_a-wsetup.o)
                0x0000b4fc                __swsetup_r
 .text.abort    0x0000b5d0       0x10 c:/progra~2/gnuarm~1/102021~1.10/bin/../lib/gcc/arm-none-eabi/10.3.1/../../../../arm-none-eabi/lib/thumb/v7e-m+fp/hard\libc.a(lib_a-abort.o)
                0x0000b5d0                abort
 .text._fclose_r
                0x0000b5e0       0xcc c:/progra~2/gnuarm~1/102021~1.10/bin/../lib/gcc/arm-none-eabi/10.3.1/../../../../arm-none-eabi/lib/thumb/v7e-m+fp/hard\libc.a(lib_a-fclose.o)
                0x0000b5e0                _fclose_r
 .text.__fputwc
                0x0000b6ac       0xa8 c:/progra~2/gnuarm~1/102021~1.10/bin/../lib/gcc/arm-none-eabi/10.3.1/../../../../arm-none-eabi/lib/thumb/v7e-m+fp/hard\libc.a(lib_a-fputwc.o)
                0x0000b6ac                __fputwc
 .text._fputwc_r
                0x0000b754       0x68 c:/progra~2/gnuarm~1/102021~1.10/bin/../lib/gcc/arm-none-eabi/10.3.1/../../../../arm-none-eabi/lib/thumb/v7e-m+fp/hard\libc.a(lib_a-fputwc.o)
                0x0000b754                _fputwc_r
 .text.__sfvwrite_r
                0x0000b7bc      0x2f0 c:/progra~2/gnuarm~1/102021~1.10/bin/../lib/gcc/arm-none-eabi/10.3.1/../../../../arm-none-eabi/lib/thumb/v7e-m+fp/hard\libc.a(lib_a-fvwrite.o)
                0x0000b7bc                __sfvwrite_r
 .text.__smakebuf_r
                0x0000baac       0xe0 c:/progra~2/gnuarm~1/102021~1.10/bin/../lib/gcc/arm-none-eabi/10.3.1/../../../../arm-none-eabi/lib/thumb/v7e-m+fp/hard\libc.a(lib_a-makebuf.o)
                0x0000baac                __smakebuf_r
 .text.raise    0x0000bb8c       0x5c c:/progra~2/gnuarm~1/102021~1.10/bin/../lib/gcc/arm-none-eabi/10.3.1/../../../../arm-none-eabi/lib/thumb/v7e-m+fp/hard\libc.a(lib_a-signal.o)
                0x0000bb8c                raise
 .text._kill_r  0x0000bbe8       0x2c c:/progra~2/gnuarm~1/102021~1.10/bin/../lib/gcc/arm-none-eabi/10.3.1/../../../../arm-none-eabi/lib/thumb/v7e-m+fp/hard\libc.a(lib_a-signalr.o)
                0x0000bbe8                _kill_r
 .text._getpid_r
                0x0000bc14        0x4 c:/progra~2/gnuarm~1/102021~1.10/bin/../lib/gcc/arm-none-eabi/10.3.1/../../../../arm-none-eabi/lib/thumb/v7e-m+fp/hard\libc.a(lib_a-signalr.o)
                0x0000bc14                _getpid_r
 .text.__swbuf_r
                0x0000bc18       0xb0 c:/progra~2/gnuarm~1/102021~1.10/bin/../lib/gcc/arm-none-eabi/10.3.1/../../../../arm-none-eabi/lib/thumb/v7e-m+fp/hard\libc.a(lib_a-wbuf.o)
                0x0000bc18                __swbuf_r
 .text._wcrtomb_r
                0x0000bcc8       0x3c c:/progra~2/gnuarm~1/102021~1.10/bin/../lib/gcc/arm-none-eabi/10.3.1/../../../../arm-none-eabi/lib/thumb/v7e-m+fp/hard\libc.a(lib_a-wcrtomb.o)
                0x0000bcc8                _wcrtomb_r
 .text._fstat_r
                0x0000bd04       0x2c c:/progra~2/gnuarm~1/102021~1.10/bin/../lib/gcc/arm-none-eabi/10.3.1/../../../../arm-none-eabi/lib/thumb/v7e-m+fp/hard\libc.a(lib_a-fstatr.o)
                0x0000bd04                _fstat_r
 .text._isatty_r
                0x0000bd30       0x24 c:/progra~2/gnuarm~1/102021~1.10/bin/../lib/gcc/arm-none-eabi/10.3.1/../../../../arm-none-eabi/lib/thumb/v7e-m+fp/hard\libc.a(lib_a-isattyr.o)
                0x0000bd30                _isatty_r
 *(.init)
 *(.fini)
 *crtbegin.o(.ctors)
 *crtbegin?.o(.ctors)
 *(EXCLUDE_FILE(*crtend.o *crtend?.o) .ctors)
 *(SORT_BY_NAME(.ctors.*))
 *(.ctors)
 *crtbegin.o(.dtors)
 *crtbegin?.o(.dtors)
 *(EXCLUDE_FILE(*crtend.o *crtend?.o) .dtors)
 *(SORT_BY_NAME(.dtors.*))
 *(.dtors)
 *(.rodata*)
 .rodata        0x0000bd54       0x4a CMakeFiles\hello_world_DEVICE.dir\src\inventory.c.obj
 *fill*         0x0000bd9e        0x2 
 .rodata        0x0000bda0      0x18e CMakeFiles\hello_world_DEVICE.dir\src\jsonparser.c.obj
 *fill*         0x0000bf2e        0x2 
 .rodata        0x0000bf30       0x9c CMakeFiles\hello_world_DEVICE.dir\src\main.c.obj
 .rodata        0x0000bfcc       0x77 CMakeFiles\hello_world_DEVICE.dir\src\overworld.c.obj
 *fill*         0x0000c043        0x1 
 .rodata        0x0000c044      0x194 CMakeFiles\hello_world_DEVICE.dir\src\sprite.c.obj
 .rodata._svfprintf_r.str1.4
                0x0000c1d8       0x42 c:/progra~2/gnuarm~1/102021~1.10/bin/../lib/gcc/arm-none-eabi/10.3.1/../../../../arm-none-eabi/lib/thumb/v7e-m+fp/hard\libc.a(lib_a-svfprintf.o)
 *fill*         0x0000c21a        0x2 
 .rodata.blanks.1
                0x0000c21c       0x10 c:/progra~2/gnuarm~1/102021~1.10/bin/../lib/gcc/arm-none-eabi/10.3.1/../../../../arm-none-eabi/lib/thumb/v7e-m+fp/hard\libc.a(lib_a-svfprintf.o)
 .rodata.zeroes.0
                0x0000c22c       0x10 c:/progra~2/gnuarm~1/102021~1.10/bin/../lib/gcc/arm-none-eabi/10.3.1/../../../../arm-none-eabi/lib/thumb/v7e-m+fp/hard\libc.a(lib_a-svfprintf.o)
 .rodata.__ssvfscanf_r.str1.4
                0x0000c23c        0x5 c:/progra~2/gnuarm~1/102021~1.10/bin/../lib/gcc/arm-none-eabi/10.3.1/../../../../arm-none-eabi/lib/thumb/v7e-m+fp/hard\libc.a(lib_a-svfscanf.o)
                                  0x9 (size before relaxing)
 *fill*         0x0000c241        0x3 
 .rodata.basefix.0
                0x0000c244       0x22 c:/progra~2/gnuarm~1/102021~1.10/bin/../lib/gcc/arm-none-eabi/10.3.1/../../../../arm-none-eabi/lib/thumb/v7e-m+fp/hard\libc.a(lib_a-svfscanf.o)
 *fill*         0x0000c266        0x2 
 .rodata._ctype_
                0x0000c268      0x101 c:/progra~2/gnuarm~1/102021~1.10/bin/../lib/gcc/arm-none-eabi/10.3.1/../../../../arm-none-eabi/lib/thumb/v7e-m+fp/hard\libc.a(lib_a-ctype_.o)
                0x0000c268                _ctype_
 *fill*         0x0000c369        0x3 
 .rodata._dtoa_r.str1.4
                0x0000c36c       0xa2 c:/progra~2/gnuarm~1/102021~1.10/bin/../lib/gcc/arm-none-eabi/10.3.1/../../../../arm-none-eabi/lib/thumb/v7e-m+fp/hard\libc.a(lib_a-dtoa.o)
                                 0xa6 (size before relaxing)
 *fill*         0x0000c40e        0x2 
 .rodata._setlocale_r.str1.4
                0x0000c410        0xa c:/progra~2/gnuarm~1/102021~1.10/bin/../lib/gcc/arm-none-eabi/10.3.1/../../../../arm-none-eabi/lib/thumb/v7e-m+fp/hard\libc.a(lib_a-locale.o)
                                  0xd (size before relaxing)
 *fill*         0x0000c41a        0x2 
 .rodata.str1.4
                0x0000c41c        0x2 c:/progra~2/gnuarm~1/102021~1.10/bin/../lib/gcc/arm-none-eabi/10.3.1/../../../../arm-none-eabi/lib/thumb/v7e-m+fp/hard\libc.a(lib_a-locale.o)
 .rodata._mbrtowc_r.str1.4
                0x0000c41e        0x1 c:/progra~2/gnuarm~1/102021~1.10/bin/../lib/gcc/arm-none-eabi/10.3.1/../../../../arm-none-eabi/lib/thumb/v7e-m+fp/hard\libc.a(lib_a-mbrtowc.o)
 *fill*         0x0000c41e        0x2 
 .rodata.__multadd.str1.4
                0x0000c420       0x7f c:/progra~2/gnuarm~1/102021~1.10/bin/../lib/gcc/arm-none-eabi/10.3.1/../../../../arm-none-eabi/lib/thumb/v7e-m+fp/hard\libc.a(lib_a-mprec.o)
                                 0x93 (size before relaxing)
 *fill*         0x0000c49f        0x1 
 .rodata.__mprec_bigtens
                0x0000c4a0       0x28 c:/progra~2/gnuarm~1/102021~1.10/bin/../lib/gcc/arm-none-eabi/10.3.1/../../../../arm-none-eabi/lib/thumb/v7e-m+fp/hard\libc.a(lib_a-mprec.o)
                0x0000c4a0                __mprec_bigtens
 .rodata.__mprec_tens
                0x0000c4c8       0xc8 c:/progra~2/gnuarm~1/102021~1.10/bin/../lib/gcc/arm-none-eabi/10.3.1/../../../../arm-none-eabi/lib/thumb/v7e-m+fp/hard\libc.a(lib_a-mprec.o)
                0x0000c4c8                __mprec_tens
 .rodata.p05.0  0x0000c590        0xc c:/progra~2/gnuarm~1/102021~1.10/bin/../lib/gcc/arm-none-eabi/10.3.1/../../../../arm-none-eabi/lib/thumb/v7e-m+fp/hard\libc.a(lib_a-mprec.o)
 .rodata._strtod_l.str1.4
                0x0000c59c        0xf c:/progra~2/gnuarm~1/102021~1.10/bin/../lib/gcc/arm-none-eabi/10.3.1/../../../../arm-none-eabi/lib/thumb/v7e-m+fp/hard\libc.a(lib_a-strtod.o)
                                 0x11 (size before relaxing)
 *fill*         0x0000c5ab        0x1 
 .rodata.fpi.1  0x0000c5ac       0x14 c:/progra~2/gnuarm~1/102021~1.10/bin/../lib/gcc/arm-none-eabi/10.3.1/../../../../arm-none-eabi/lib/thumb/v7e-m+fp/hard\libc.a(lib_a-strtod.o)
 .rodata.fpinan.0
                0x0000c5c0       0x14 c:/progra~2/gnuarm~1/102021~1.10/bin/../lib/gcc/arm-none-eabi/10.3.1/../../../../arm-none-eabi/lib/thumb/v7e-m+fp/hard\libc.a(lib_a-strtod.o)
 *fill*         0x0000c5d4        0x4 
 .rodata.tinytens
                0x0000c5d8       0x28 c:/progra~2/gnuarm~1/102021~1.10/bin/../lib/gcc/arm-none-eabi/10.3.1/../../../../arm-none-eabi/lib/thumb/v7e-m+fp/hard\libc.a(lib_a-strtod.o)
 .rodata.__assert_func.str1.4
                0x0000c600       0x3f c:/progra~2/gnuarm~1/102021~1.10/bin/../lib/gcc/arm-none-eabi/10.3.1/../../../../arm-none-eabi/lib/thumb/v7e-m+fp/hard\libc.a(lib_a-assert.o)
                                 0x43 (size before relaxing)
 *fill*         0x0000c63f        0x1 
 .rodata.__gethex.str1.4
                0x0000c640       0x86 c:/progra~2/gnuarm~1/102021~1.10/bin/../lib/gcc/arm-none-eabi/10.3.1/../../../../arm-none-eabi/lib/thumb/v7e-m+fp/hard\libc.a(lib_a-gdtoa-gethex.o)
                                 0x9a (size before relaxing)
 *fill*         0x0000c6c6        0x2 
 .rodata.__hexdig
                0x0000c6c8      0x100 c:/progra~2/gnuarm~1/102021~1.10/bin/../lib/gcc/arm-none-eabi/10.3.1/../../../../arm-none-eabi/lib/thumb/v7e-m+fp/hard\libc.a(lib_a-gdtoa-gethex.o)
                0x0000c6c8                __hexdig
 .rodata.str1.4
                0x0000c7c8        0x5 c:/progra~2/gnuarm~1/102021~1.10/bin/../lib/gcc/arm-none-eabi/10.3.1/../../../../arm-none-eabi/lib/thumb/v7e-m+fp/hard\libc.a(lib_a-lnumeric.o)
 .rodata._C_numeric_locale
                0x0000c7c8        0xc c:/progra~2/gnuarm~1/102021~1.10/bin/../lib/gcc/arm-none-eabi/10.3.1/../../../../arm-none-eabi/lib/thumb/v7e-m+fp/hard\libc.a(lib_a-lnumeric.o)
                0x0000c7c8                _C_numeric_locale
 .rodata._vfiprintf_r.str1.4
                0x0000c7d4       0x2f c:/progra~2/gnuarm~1/102021~1.10/bin/../lib/gcc/arm-none-eabi/10.3.1/../../../../arm-none-eabi/lib/thumb/v7e-m+fp/hard\libc.a(lib_a-vfiprintf.o)
 .rodata.blanks.1
                0x0000c7d4       0x10 c:/progra~2/gnuarm~1/102021~1.10/bin/../lib/gcc/arm-none-eabi/10.3.1/../../../../arm-none-eabi/lib/thumb/v7e-m+fp/hard\libc.a(lib_a-vfiprintf.o)
 .rodata.zeroes.0
                0x0000c7e4       0x10 c:/progra~2/gnuarm~1/102021~1.10/bin/../lib/gcc/arm-none-eabi/10.3.1/../../../../arm-none-eabi/lib/thumb/v7e-m+fp/hard\libc.a(lib_a-vfiprintf.o)
 *(.eh_frame*)

.glue_7         0x0000c7f4        0x0
 .glue_7        0x0000c7f4        0x0 linker stubs

.glue_7t        0x0000c7f4        0x0
 .glue_7t       0x0000c7f4        0x0 linker stubs

.vfp11_veneer   0x0000c7f4        0x0
 .vfp11_veneer  0x0000c7f4        0x0 linker stubs

.v4_bx          0x0000c7f4        0x0
 .v4_bx         0x0000c7f4        0x0 linker stubs

.iplt           0x0000c7f4        0x0
 .iplt          0x0000c7f4        0x0 CMakeFiles\hello_world_DEVICE.dir\src\inventory.c.obj

.rel.dyn        0x0000c7f4        0x0
 .rel.iplt      0x0000c7f4        0x0 CMakeFiles\hello_world_DEVICE.dir\src\inventory.c.obj

.data           0x0000c7f8      0x5a0
                0x0000c7f8                __etext = .
                0x0000c7f8                __data_start__ = .
 *(vtable)
 *(.data*)
 .data._impure_ptr
                0x0000c7f8        0x4 c:/progra~2/gnuarm~1/102021~1.10/bin/../lib/gcc/arm-none-eabi/10.3.1/../../../../arm-none-eabi/lib/thumb/v7e-m+fp/hard\libc.a(lib_a-impure.o)
                0x0000c7f8                _impure_ptr
 *fill*         0x0000c7fc        0x4 
 .data.impure_data
                0x0000c800      0x428 c:/progra~2/gnuarm~1/102021~1.10/bin/../lib/gcc/arm-none-eabi/10.3.1/../../../../arm-none-eabi/lib/thumb/v7e-m+fp/hard\libc.a(lib_a-impure.o)
 .data.__global_locale
                0x0000cc28      0x16c c:/progra~2/gnuarm~1/102021~1.10/bin/../lib/gcc/arm-none-eabi/10.3.1/../../../../arm-none-eabi/lib/thumb/v7e-m+fp/hard\libc.a(lib_a-locale.o)
                0x0000cc28                __global_locale
 .data.numempty
                0x0000cd94        0x2 c:/progra~2/gnuarm~1/102021~1.10/bin/../lib/gcc/arm-none-eabi/10.3.1/../../../../arm-none-eabi/lib/thumb/v7e-m+fp/hard\libc.a(lib_a-lnumeric.o)
                0x0000cd98                . = ALIGN (0x4)
 *fill*         0x0000cd96        0x2 
                [!provide]                PROVIDE (__preinit_array_start = .)
 *(.preinit_array)
                [!provide]                PROVIDE (__preinit_array_end = .)
                0x0000cd98                . = ALIGN (0x4)
                [!provide]                PROVIDE (__init_array_start = .)
 *(SORT_BY_NAME(.init_array.*))
 *(.init_array)
                [!provide]                PROVIDE (__init_array_end = .)
                0x0000cd98                . = ALIGN (0x4)
                [!provide]                PROVIDE (__fini_array_start = .)
 *(SORT_BY_NAME(.fini_array.*))
 *(.fini_array)
                [!provide]                PROVIDE (__fini_array_end = .)
                0x0000cd98                . = ALIGN (0x4)
                0x0000cd98                __data_end__ = .

.igot.plt       0x0000cd98        0x0
 .igot.plt      0x0000cd98        0x0 CMakeFiles\hello_world_DEVICE.dir\src\inventory.c.obj

.bss            0x0000cd98     0x2db0
                0x0000cd98                . = ALIGN (0x4)
                0x0000cd98                __bss_start__ = .
 *(.bss*)
 .bss.pd        0x0000cd98        0x4 CMakeFiles\hello_world_DEVICE.dir\src\main.c.obj
                0x0000cd98                pd
 .bss.game      0x0000cd9c     0x26a4 CMakeFiles\hello_world_DEVICE.dir\src\main.c.obj
                0x0000cd9c                game
 .bss.world     0x0000f440      0x64c CMakeFiles\hello_world_DEVICE.dir\src\main.c.obj
                0x0000f440                world
 .bss.tree1     0x0000fa8c       0x1c CMakeFiles\hello_world_DEVICE.dir\src\main.c.obj
                0x0000fa8c                tree1
 .bss.tree2     0x0000faa8       0x1c CMakeFiles\hello_world_DEVICE.dir\src\main.c.obj
                0x0000faa8                tree2
 .bss.tree3     0x0000fac4       0x1c CMakeFiles\hello_world_DEVICE.dir\src\main.c.obj
                0x0000fac4                tree3
 .bss.tree4     0x0000fae0       0x1c CMakeFiles\hello_world_DEVICE.dir\src\main.c.obj
                0x0000fae0                tree4
 .bss.params    0x0000fafc        0xc CMakeFiles\hello_world_DEVICE.dir\src\main.c.obj
                0x0000fafc                params
 .bss.o_params  0x0000fb08       0x30 CMakeFiles\hello_world_DEVICE.dir\src\main.c.obj
                0x0000fb08                o_params
 .bss.pdrealloc
                0x0000fb38        0x4 CMakeFiles\hello_world_DEVICE.dir\C_\Users\berge\Documents\PlaydateSDK\C_API\buildsupport\setup.c.obj
 .bss.errno     0x0000fb3c        0x4 c:/progra~2/gnuarm~1/102021~1.10/bin/../lib/gcc/arm-none-eabi/10.3.1/../../../../arm-none-eabi/lib/thumb/v7e-m+fp/hard\libc.a(lib_a-reent.o)
                0x0000fb3c                errno
 .bss.__lock___sfp_recursive_mutex
                0x0000fb40        0x1 c:/progra~2/gnuarm~1/102021~1.10/bin/../lib/gcc/arm-none-eabi/10.3.1/../../../../arm-none-eabi/lib/thumb/v7e-m+fp/hard\libc.a(lib_a-lock.o)
                0x0000fb40                __lock___sfp_recursive_mutex
 *fill*         0x0000fb41        0x3 
 .bss.__lock___sinit_recursive_mutex
                0x0000fb44        0x1 c:/progra~2/gnuarm~1/102021~1.10/bin/../lib/gcc/arm-none-eabi/10.3.1/../../../../arm-none-eabi/lib/thumb/v7e-m+fp/hard\libc.a(lib_a-lock.o)
                0x0000fb44                __lock___sinit_recursive_mutex
 *(COMMON)
 *(COM)
                0x0000fb48                . = ALIGN (0x4)
 *fill*         0x0000fb45        0x3 
                0x0000fb48                __bss_end__ = .

/DISCARD/
 *(.ARM.exidx)
OUTPUT(hello_world_DEVICE.elf elf32-littlearm)
LOAD linker stubs

.debug_info     0x00000000    0x2bbcd
 .debug_info    0x00000000     0x6040 CMakeFiles\hello_world_DEVICE.dir\src\inventory.c.obj
 .debug_info    0x00006040     0x6781 CMakeFiles\hello_world_DEVICE.dir\src\jsonparser.c.obj
 .debug_info    0x0000c7c1     0x6524 CMakeFiles\hello_world_DEVICE.dir\src\main.c.obj
 .debug_info    0x00012ce5     0x665d CMakeFiles\hello_world_DEVICE.dir\src\overworld.c.obj
 .debug_info    0x00019342     0x5d79 CMakeFiles\hello_world_DEVICE.dir\src\scenemanager.c.obj
 .debug_info    0x0001f0bb     0x5ff3 CMakeFiles\hello_world_DEVICE.dir\src\sprite.c.obj
 .debug_info    0x000250ae      0x4b0 CMakeFiles\hello_world_DEVICE.dir\src\syscalls.c.obj
 .debug_info    0x0002555e     0x666f CMakeFiles\hello_world_DEVICE.dir\C_\Users\berge\Documents\PlaydateSDK\C_API\buildsupport\setup.c.obj

.debug_abbrev   0x00000000     0x13de
 .debug_abbrev  0x00000000      0x2a6 CMakeFiles\hello_world_DEVICE.dir\src\inventory.c.obj
 .debug_abbrev  0x000002a6      0x306 CMakeFiles\hello_world_DEVICE.dir\src\jsonparser.c.obj
 .debug_abbrev  0x000005ac      0x2ea CMakeFiles\hello_world_DEVICE.dir\src\main.c.obj
 .debug_abbrev  0x00000896      0x2c9 CMakeFiles\hello_world_DEVICE.dir\src\overworld.c.obj
 .debug_abbrev  0x00000b5f      0x223 CMakeFiles\hello_world_DEVICE.dir\src\scenemanager.c.obj
 .debug_abbrev  0x00000d82      0x28f CMakeFiles\hello_world_DEVICE.dir\src\sprite.c.obj
 .debug_abbrev  0x00001011      0x10f CMakeFiles\hello_world_DEVICE.dir\src\syscalls.c.obj
 .debug_abbrev  0x00001120      0x2be CMakeFiles\hello_world_DEVICE.dir\C_\Users\berge\Documents\PlaydateSDK\C_API\buildsupport\setup.c.obj

.debug_loc      0x00000000      0xc35
 .debug_loc     0x00000000      0x132 CMakeFiles\hello_world_DEVICE.dir\src\inventory.c.obj
 .debug_loc     0x00000132      0x3b7 CMakeFiles\hello_world_DEVICE.dir\src\jsonparser.c.obj
 .debug_loc     0x000004e9       0x71 CMakeFiles\hello_world_DEVICE.dir\src\main.c.obj
 .debug_loc     0x0000055a      0x246 CMakeFiles\hello_world_DEVICE.dir\src\overworld.c.obj
 .debug_loc     0x000007a0       0xd8 CMakeFiles\hello_world_DEVICE.dir\src\scenemanager.c.obj
 .debug_loc     0x00000878      0x189 CMakeFiles\hello_world_DEVICE.dir\src\sprite.c.obj
 .debug_loc     0x00000a01      0x154 CMakeFiles\hello_world_DEVICE.dir\src\syscalls.c.obj
 .debug_loc     0x00000b55       0xe0 CMakeFiles\hello_world_DEVICE.dir\C_\Users\berge\Documents\PlaydateSDK\C_API\buildsupport\setup.c.obj

.debug_aranges  0x00000000      0x298
 .debug_aranges
                0x00000000       0x40 CMakeFiles\hello_world_DEVICE.dir\src\inventory.c.obj
 .debug_aranges
                0x00000040       0xa8 CMakeFiles\hello_world_DEVICE.dir\src\jsonparser.c.obj
 .debug_aranges
                0x000000e8       0x28 CMakeFiles\hello_world_DEVICE.dir\src\main.c.obj
 .debug_aranges
                0x00000110       0x70 CMakeFiles\hello_world_DEVICE.dir\src\overworld.c.obj
 .debug_aranges
                0x00000180       0x30 CMakeFiles\hello_world_DEVICE.dir\src\scenemanager.c.obj
 .debug_aranges
                0x000001b0       0x50 CMakeFiles\hello_world_DEVICE.dir\src\sprite.c.obj
 .debug_aranges
                0x00000200       0x60 CMakeFiles\hello_world_DEVICE.dir\src\syscalls.c.obj
 .debug_aranges
                0x00000260       0x38 CMakeFiles\hello_world_DEVICE.dir\C_\Users\berge\Documents\PlaydateSDK\C_API\buildsupport\setup.c.obj

.debug_ranges   0x00000000      0x218
 .debug_ranges  0x00000000       0x30 CMakeFiles\hello_world_DEVICE.dir\src\inventory.c.obj
 .debug_ranges  0x00000030       0x98 CMakeFiles\hello_world_DEVICE.dir\src\jsonparser.c.obj
 .debug_ranges  0x000000c8       0x18 CMakeFiles\hello_world_DEVICE.dir\src\main.c.obj
 .debug_ranges  0x000000e0       0x60 CMakeFiles\hello_world_DEVICE.dir\src\overworld.c.obj
 .debug_ranges  0x00000140       0x20 CMakeFiles\hello_world_DEVICE.dir\src\scenemanager.c.obj
 .debug_ranges  0x00000160       0x40 CMakeFiles\hello_world_DEVICE.dir\src\sprite.c.obj
 .debug_ranges  0x000001a0       0x50 CMakeFiles\hello_world_DEVICE.dir\src\syscalls.c.obj
 .debug_ranges  0x000001f0       0x28 CMakeFiles\hello_world_DEVICE.dir\C_\Users\berge\Documents\PlaydateSDK\C_API\buildsupport\setup.c.obj

.debug_line     0x00000000     0x231a
 .debug_line    0x00000000      0x43c CMakeFiles\hello_world_DEVICE.dir\src\inventory.c.obj
 .debug_line    0x0000043c      0x790 CMakeFiles\hello_world_DEVICE.dir\src\jsonparser.c.obj
 .debug_line    0x00000bcc      0x3fa CMakeFiles\hello_world_DEVICE.dir\src\main.c.obj
 .debug_line    0x00000fc6      0x70f CMakeFiles\hello_world_DEVICE.dir\src\overworld.c.obj
 .debug_line    0x000016d5      0x2e9 CMakeFiles\hello_world_DEVICE.dir\src\scenemanager.c.obj
 .debug_line    0x000019be      0x41b CMakeFiles\hello_world_DEVICE.dir\src\sprite.c.obj
 .debug_line    0x00001dd9      0x1fb CMakeFiles\hello_world_DEVICE.dir\src\syscalls.c.obj
 .debug_line    0x00001fd4      0x346 CMakeFiles\hello_world_DEVICE.dir\C_\Users\berge\Documents\PlaydateSDK\C_API\buildsupport\setup.c.obj

.debug_str      0x00000000     0x36bf
 .debug_str     0x00000000     0x2ab8 CMakeFiles\hello_world_DEVICE.dir\src\inventory.c.obj
                               0x2d01 (size before relaxing)
 .debug_str     0x00002ab8      0x30a CMakeFiles\hello_world_DEVICE.dir\src\jsonparser.c.obj
                               0x2f7d (size before relaxing)
 .debug_str     0x00002dc2      0x175 CMakeFiles\hello_world_DEVICE.dir\src\main.c.obj
                               0x2f9c (size before relaxing)
 .debug_str     0x00002f37      0x11c CMakeFiles\hello_world_DEVICE.dir\src\overworld.c.obj
                               0x2eaf (size before relaxing)
 .debug_str     0x00003053       0x66 CMakeFiles\hello_world_DEVICE.dir\src\scenemanager.c.obj
                               0x2bbc (size before relaxing)
 .debug_str     0x000030b9       0x98 CMakeFiles\hello_world_DEVICE.dir\src\sprite.c.obj
                               0x2bd1 (size before relaxing)
 .debug_str     0x00003151      0x16e CMakeFiles\hello_world_DEVICE.dir\src\syscalls.c.obj
                                0x382 (size before relaxing)
 .debug_str     0x000032bf      0x400 CMakeFiles\hello_world_DEVICE.dir\C_\Users\berge\Documents\PlaydateSDK\C_API\buildsupport\setup.c.obj
                               0x2fc6 (size before relaxing)

.comment        0x00000000       0x49
 .comment       0x00000000       0x49 CMakeFiles\hello_world_DEVICE.dir\src\inventory.c.obj
                                 0x4a (size before relaxing)
 .comment       0x00000049       0x4a CMakeFiles\hello_world_DEVICE.dir\src\jsonparser.c.obj
 .comment       0x00000049       0x4a CMakeFiles\hello_world_DEVICE.dir\src\main.c.obj
 .comment       0x00000049       0x4a CMakeFiles\hello_world_DEVICE.dir\src\overworld.c.obj
 .comment       0x00000049       0x4a CMakeFiles\hello_world_DEVICE.dir\src\scenemanager.c.obj
 .comment       0x00000049       0x4a CMakeFiles\hello_world_DEVICE.dir\src\sprite.c.obj
 .comment       0x00000049       0x4a CMakeFiles\hello_world_DEVICE.dir\src\syscalls.c.obj
 .comment       0x00000049       0x4a CMakeFiles\hello_world_DEVICE.dir\C_\Users\berge\Documents\PlaydateSDK\C_API\buildsupport\setup.c.obj

.ARM.attributes
                0x00000000       0x32
 .ARM.attributes
                0x00000000       0x34 CMakeFiles\hello_world_DEVICE.dir\src\inventory.c.obj
 .ARM.attributes
                0x00000034       0x34 CMakeFiles\hello_world_DEVICE.dir\src\jsonparser.c.obj
 .ARM.attributes
                0x00000068       0x34 CMakeFiles\hello_world_DEVICE.dir\src\main.c.obj
 .ARM.attributes
                0x0000009c       0x34 CMakeFiles\hello_world_DEVICE.dir\src\overworld.c.obj
 .ARM.attributes
                0x000000d0       0x34 CMakeFiles\hello_world_DEVICE.dir\src\scenemanager.c.obj
 .ARM.attributes
                0x00000104       0x34 CMakeFiles\hello_world_DEVICE.dir\src\sprite.c.obj
 .ARM.attributes
                0x00000138       0x34 CMakeFiles\hello_world_DEVICE.dir\src\syscalls.c.obj
 .ARM.attributes
                0x0000016c       0x34 CMakeFiles\hello_world_DEVICE.dir\C_\Users\berge\Documents\PlaydateSDK\C_API\buildsupport\setup.c.obj
 .ARM.attributes
                0x000001a0       0x1e c:/progra~2/gnuarm~1/102021~1.10/bin/../lib/gcc/arm-none-eabi/10.3.1/thumb/v7e-m+fp/hard\libgcc.a(_arm_addsubdf3.o)
 .ARM.attributes
                0x000001be       0x34 c:/progra~2/gnuarm~1/102021~1.10/bin/../lib/gcc/arm-none-eabi/10.3.1/../../../../arm-none-eabi/lib/thumb/v7e-m+fp/hard\libc.a(lib_a-memset.o)
 .ARM.attributes
                0x000001f2       0x34 c:/progra~2/gnuarm~1/102021~1.10/bin/../lib/gcc/arm-none-eabi/10.3.1/../../../../arm-none-eabi/lib/thumb/v7e-m+fp/hard\libc.a(lib_a-snprintf.o)
 .ARM.attributes
                0x00000226       0x34 c:/progra~2/gnuarm~1/102021~1.10/bin/../lib/gcc/arm-none-eabi/10.3.1/../../../../arm-none-eabi/lib/thumb/v7e-m+fp/hard\libc.a(lib_a-sscanf.o)
 .ARM.attributes
                0x0000025a       0x34 c:/progra~2/gnuarm~1/102021~1.10/bin/../lib/gcc/arm-none-eabi/10.3.1/../../../../arm-none-eabi/lib/thumb/v7e-m+fp/hard\libc.a(lib_a-stdio.o)
 .ARM.attributes
                0x0000028e       0x1c c:/progra~2/gnuarm~1/102021~1.10/bin/../lib/gcc/arm-none-eabi/10.3.1/../../../../arm-none-eabi/lib/thumb/v7e-m+fp/hard\libc.a(lib_a-strcmp.o)
 .ARM.attributes
                0x000002aa       0x1c c:/progra~2/gnuarm~1/102021~1.10/bin/../lib/gcc/arm-none-eabi/10.3.1/../../../../arm-none-eabi/lib/thumb/v7e-m+fp/hard\libc.a(lib_a-strlen.o)
 .ARM.attributes
                0x000002c6       0x34 c:/progra~2/gnuarm~1/102021~1.10/bin/../lib/gcc/arm-none-eabi/10.3.1/../../../../arm-none-eabi/lib/thumb/v7e-m+fp/hard\libc.a(lib_a-strncpy.o)
 .ARM.attributes
                0x000002fa       0x34 c:/progra~2/gnuarm~1/102021~1.10/bin/../lib/gcc/arm-none-eabi/10.3.1/../../../../arm-none-eabi/lib/thumb/v7e-m+fp/hard\libc.a(lib_a-svfprintf.o)
 .ARM.attributes
                0x0000032e       0x34 c:/progra~2/gnuarm~1/102021~1.10/bin/../lib/gcc/arm-none-eabi/10.3.1/../../../../arm-none-eabi/lib/thumb/v7e-m+fp/hard\libc.a(lib_a-svfscanf.o)
 .ARM.attributes
                0x00000362       0x34 c:/progra~2/gnuarm~1/102021~1.10/bin/../lib/gcc/arm-none-eabi/10.3.1/../../../../arm-none-eabi/lib/thumb/v7e-m+fp/hard\libc.a(lib_a-writer.o)
 .ARM.attributes
                0x00000396       0x34 c:/progra~2/gnuarm~1/102021~1.10/bin/../lib/gcc/arm-none-eabi/10.3.1/../../../../arm-none-eabi/lib/thumb/v7e-m+fp/hard\libc.a(lib_a-closer.o)
 .ARM.attributes
                0x000003ca       0x34 c:/progra~2/gnuarm~1/102021~1.10/bin/../lib/gcc/arm-none-eabi/10.3.1/../../../../arm-none-eabi/lib/thumb/v7e-m+fp/hard\libc.a(lib_a-ctype_.o)
 .ARM.attributes
                0x000003fe       0x34 c:/progra~2/gnuarm~1/102021~1.10/bin/../lib/gcc/arm-none-eabi/10.3.1/../../../../arm-none-eabi/lib/thumb/v7e-m+fp/hard\libc.a(lib_a-dtoa.o)
 .ARM.attributes
                0x00000432       0x34 c:/progra~2/gnuarm~1/102021~1.10/bin/../lib/gcc/arm-none-eabi/10.3.1/../../../../arm-none-eabi/lib/thumb/v7e-m+fp/hard\libc.a(lib_a-impure.o)
 .ARM.attributes
                0x00000466       0x34 c:/progra~2/gnuarm~1/102021~1.10/bin/../lib/gcc/arm-none-eabi/10.3.1/../../../../arm-none-eabi/lib/thumb/v7e-m+fp/hard\libc.a(lib_a-iswspace.o)
 .ARM.attributes
                0x0000049a       0x34 c:/progra~2/gnuarm~1/102021~1.10/bin/../lib/gcc/arm-none-eabi/10.3.1/../../../../arm-none-eabi/lib/thumb/v7e-m+fp/hard\libc.a(lib_a-iswspace_l.o)
 .ARM.attributes
                0x000004ce       0x34 c:/progra~2/gnuarm~1/102021~1.10/bin/../lib/gcc/arm-none-eabi/10.3.1/../../../../arm-none-eabi/lib/thumb/v7e-m+fp/hard\libc.a(lib_a-locale.o)
 .ARM.attributes
                0x00000502       0x34 c:/progra~2/gnuarm~1/102021~1.10/bin/../lib/gcc/arm-none-eabi/10.3.1/../../../../arm-none-eabi/lib/thumb/v7e-m+fp/hard\libc.a(lib_a-localeconv.o)
 .ARM.attributes
                0x00000536       0x34 c:/progra~2/gnuarm~1/102021~1.10/bin/../lib/gcc/arm-none-eabi/10.3.1/../../../../arm-none-eabi/lib/thumb/v7e-m+fp/hard\libc.a(lib_a-lseekr.o)
 .ARM.attributes
                0x0000056a       0x34 c:/progra~2/gnuarm~1/102021~1.10/bin/../lib/gcc/arm-none-eabi/10.3.1/../../../../arm-none-eabi/lib/thumb/v7e-m+fp/hard\libc.a(lib_a-malloc.o)
 .ARM.attributes
                0x0000059e       0x34 c:/progra~2/gnuarm~1/102021~1.10/bin/../lib/gcc/arm-none-eabi/10.3.1/../../../../arm-none-eabi/lib/thumb/v7e-m+fp/hard\libc.a(lib_a-mbrtowc.o)
 .ARM.attributes
                0x000005d2       0x34 c:/progra~2/gnuarm~1/102021~1.10/bin/../lib/gcc/arm-none-eabi/10.3.1/../../../../arm-none-eabi/lib/thumb/v7e-m+fp/hard\libc.a(lib_a-mbtowc_r.o)
 .ARM.attributes
                0x00000606       0x1c c:/progra~2/gnuarm~1/102021~1.10/bin/../lib/gcc/arm-none-eabi/10.3.1/../../../../arm-none-eabi/lib/thumb/v7e-m+fp/hard\libc.a(lib_a-memchr.o)
 .ARM.attributes
                0x00000622       0x1c c:/progra~2/gnuarm~1/102021~1.10/bin/../lib/gcc/arm-none-eabi/10.3.1/../../../../arm-none-eabi/lib/thumb/v7e-m+fp/hard\libc.a(lib_a-memcpy.o)
 .ARM.attributes
                0x0000063e       0x34 c:/progra~2/gnuarm~1/102021~1.10/bin/../lib/gcc/arm-none-eabi/10.3.1/../../../../arm-none-eabi/lib/thumb/v7e-m+fp/hard\libc.a(lib_a-mprec.o)
 .ARM.attributes
                0x00000672       0x34 c:/progra~2/gnuarm~1/102021~1.10/bin/../lib/gcc/arm-none-eabi/10.3.1/../../../../arm-none-eabi/lib/thumb/v7e-m+fp/hard\libc.a(lib_a-readr.o)
 .ARM.attributes
                0x000006a6       0x34 c:/progra~2/gnuarm~1/102021~1.10/bin/../lib/gcc/arm-none-eabi/10.3.1/../../../../arm-none-eabi/lib/thumb/v7e-m+fp/hard\libc.a(lib_a-realloc.o)
 .ARM.attributes
                0x000006da       0x34 c:/progra~2/gnuarm~1/102021~1.10/bin/../lib/gcc/arm-none-eabi/10.3.1/../../../../arm-none-eabi/lib/thumb/v7e-m+fp/hard\libc.a(lib_a-reent.o)
 .ARM.attributes
                0x0000070e       0x34 c:/progra~2/gnuarm~1/102021~1.10/bin/../lib/gcc/arm-none-eabi/10.3.1/../../../../arm-none-eabi/lib/thumb/v7e-m+fp/hard\libc.a(lib_a-s_frexp.o)
 .ARM.attributes
                0x00000742       0x34 c:/progra~2/gnuarm~1/102021~1.10/bin/../lib/gcc/arm-none-eabi/10.3.1/../../../../arm-none-eabi/lib/thumb/v7e-m+fp/hard\libc.a(lib_a-sccl.o)
 .ARM.attributes
                0x00000776       0x34 c:/progra~2/gnuarm~1/102021~1.10/bin/../lib/gcc/arm-none-eabi/10.3.1/../../../../arm-none-eabi/lib/thumb/v7e-m+fp/hard\libc.a(lib_a-sf_nan.o)
 .ARM.attributes
                0x000007aa       0x34 c:/progra~2/gnuarm~1/102021~1.10/bin/../lib/gcc/arm-none-eabi/10.3.1/../../../../arm-none-eabi/lib/thumb/v7e-m+fp/hard\libc.a(lib_a-sprintf.o)
 .ARM.attributes
                0x000007de       0x34 c:/progra~2/gnuarm~1/102021~1.10/bin/../lib/gcc/arm-none-eabi/10.3.1/../../../../arm-none-eabi/lib/thumb/v7e-m+fp/hard\libc.a(lib_a-strtod.o)
 .ARM.attributes
                0x00000812       0x34 c:/progra~2/gnuarm~1/102021~1.10/bin/../lib/gcc/arm-none-eabi/10.3.1/../../../../arm-none-eabi/lib/thumb/v7e-m+fp/hard\libc.a(lib_a-strtol.o)
 .ARM.attributes
                0x00000846       0x34 c:/progra~2/gnuarm~1/102021~1.10/bin/../lib/gcc/arm-none-eabi/10.3.1/../../../../arm-none-eabi/lib/thumb/v7e-m+fp/hard\libc.a(lib_a-strtoll.o)
 .ARM.attributes
                0x0000087a       0x34 c:/progra~2/gnuarm~1/102021~1.10/bin/../lib/gcc/arm-none-eabi/10.3.1/../../../../arm-none-eabi/lib/thumb/v7e-m+fp/hard\libc.a(lib_a-strtoul.o)
 .ARM.attributes
                0x000008ae       0x34 c:/progra~2/gnuarm~1/102021~1.10/bin/../lib/gcc/arm-none-eabi/10.3.1/../../../../arm-none-eabi/lib/thumb/v7e-m+fp/hard\libc.a(lib_a-strtoull.o)
 .ARM.attributes
                0x000008e2       0x34 c:/progra~2/gnuarm~1/102021~1.10/bin/../lib/gcc/arm-none-eabi/10.3.1/../../../../arm-none-eabi/lib/thumb/v7e-m+fp/hard\libc.a(lib_a-svfiprintf.o)
 .ARM.attributes
                0x00000916       0x34 c:/progra~2/gnuarm~1/102021~1.10/bin/../lib/gcc/arm-none-eabi/10.3.1/../../../../arm-none-eabi/lib/thumb/v7e-m+fp/hard\libc.a(lib_a-svfiscanf.o)
 .ARM.attributes
                0x0000094a       0x34 c:/progra~2/gnuarm~1/102021~1.10/bin/../lib/gcc/arm-none-eabi/10.3.1/../../../../arm-none-eabi/lib/thumb/v7e-m+fp/hard\libc.a(lib_a-ungetc.o)
 .ARM.attributes
                0x0000097e       0x34 c:/progra~2/gnuarm~1/102021~1.10/bin/../lib/gcc/arm-none-eabi/10.3.1/../../../../arm-none-eabi/lib/thumb/v7e-m+fp/hard\libc.a(lib_a-wctomb_r.o)
 .ARM.attributes
                0x000009b2       0x34 c:/progra~2/gnuarm~1/102021~1.10/bin/../lib/gcc/arm-none-eabi/10.3.1/../../../../arm-none-eabi/lib/thumb/v7e-m+fp/hard\libc.a(lib_a-assert.o)
 .ARM.attributes
                0x000009e6       0x34 c:/progra~2/gnuarm~1/102021~1.10/bin/../lib/gcc/arm-none-eabi/10.3.1/../../../../arm-none-eabi/lib/thumb/v7e-m+fp/hard\libc.a(lib_a-callocr.o)
 .ARM.attributes
                0x00000a1a       0x34 c:/progra~2/gnuarm~1/102021~1.10/bin/../lib/gcc/arm-none-eabi/10.3.1/../../../../arm-none-eabi/lib/thumb/v7e-m+fp/hard\libc.a(lib_a-errno.o)
 .ARM.attributes
                0x00000a4e       0x34 c:/progra~2/gnuarm~1/102021~1.10/bin/../lib/gcc/arm-none-eabi/10.3.1/../../../../arm-none-eabi/lib/thumb/v7e-m+fp/hard\libc.a(lib_a-fflush.o)
 .ARM.attributes
                0x00000a82       0x34 c:/progra~2/gnuarm~1/102021~1.10/bin/../lib/gcc/arm-none-eabi/10.3.1/../../../../arm-none-eabi/lib/thumb/v7e-m+fp/hard\libc.a(lib_a-findfp.o)
 .ARM.attributes
                0x00000ab6       0x34 c:/progra~2/gnuarm~1/102021~1.10/bin/../lib/gcc/arm-none-eabi/10.3.1/../../../../arm-none-eabi/lib/thumb/v7e-m+fp/hard\libc.a(lib_a-fiprintf.o)
 .ARM.attributes
                0x00000aea       0x34 c:/progra~2/gnuarm~1/102021~1.10/bin/../lib/gcc/arm-none-eabi/10.3.1/../../../../arm-none-eabi/lib/thumb/v7e-m+fp/hard\libc.a(lib_a-fwalk.o)
 .ARM.attributes
                0x00000b1e       0x34 c:/progra~2/gnuarm~1/102021~1.10/bin/../lib/gcc/arm-none-eabi/10.3.1/../../../../arm-none-eabi/lib/thumb/v7e-m+fp/hard\libc.a(lib_a-gdtoa-gethex.o)
 .ARM.attributes
                0x00000b52       0x34 c:/progra~2/gnuarm~1/102021~1.10/bin/../lib/gcc/arm-none-eabi/10.3.1/../../../../arm-none-eabi/lib/thumb/v7e-m+fp/hard\libc.a(lib_a-gdtoa-hexnan.o)
 .ARM.attributes
                0x00000b86       0x34 c:/progra~2/gnuarm~1/102021~1.10/bin/../lib/gcc/arm-none-eabi/10.3.1/../../../../arm-none-eabi/lib/thumb/v7e-m+fp/hard\libc.a(lib_a-lnumeric.o)
 .ARM.attributes
                0x00000bba       0x34 c:/progra~2/gnuarm~1/102021~1.10/bin/../lib/gcc/arm-none-eabi/10.3.1/../../../../arm-none-eabi/lib/thumb/v7e-m+fp/hard\libc.a(lib_a-lock.o)
 .ARM.attributes
                0x00000bee       0x34 c:/progra~2/gnuarm~1/102021~1.10/bin/../lib/gcc/arm-none-eabi/10.3.1/../../../../arm-none-eabi/lib/thumb/v7e-m+fp/hard\libc.a(lib_a-memmove.o)
 .ARM.attributes
                0x00000c22       0x34 c:/progra~2/gnuarm~1/102021~1.10/bin/../lib/gcc/arm-none-eabi/10.3.1/../../../../arm-none-eabi/lib/thumb/v7e-m+fp/hard\libc.a(lib_a-s_nan.o)
 .ARM.attributes
                0x00000c56       0x34 c:/progra~2/gnuarm~1/102021~1.10/bin/../lib/gcc/arm-none-eabi/10.3.1/../../../../arm-none-eabi/lib/thumb/v7e-m+fp/hard\libc.a(lib_a-strncmp.o)
 .ARM.attributes
                0x00000c8a       0x34 c:/progra~2/gnuarm~1/102021~1.10/bin/../lib/gcc/arm-none-eabi/10.3.1/../../../../arm-none-eabi/lib/thumb/v7e-m+fp/hard\libc.a(lib_a-vfiprintf.o)
 .ARM.attributes
                0x00000cbe       0x34 c:/progra~2/gnuarm~1/102021~1.10/bin/../lib/gcc/arm-none-eabi/10.3.1/../../../../arm-none-eabi/lib/thumb/v7e-m+fp/hard\libc.a(lib_a-wsetup.o)
 .ARM.attributes
                0x00000cf2       0x34 c:/progra~2/gnuarm~1/102021~1.10/bin/../lib/gcc/arm-none-eabi/10.3.1/../../../../arm-none-eabi/lib/thumb/v7e-m+fp/hard\libc.a(lib_a-abort.o)
 .ARM.attributes
                0x00000d26       0x34 c:/progra~2/gnuarm~1/102021~1.10/bin/../lib/gcc/arm-none-eabi/10.3.1/../../../../arm-none-eabi/lib/thumb/v7e-m+fp/hard\libc.a(lib_a-fclose.o)
 .ARM.attributes
                0x00000d5a       0x34 c:/progra~2/gnuarm~1/102021~1.10/bin/../lib/gcc/arm-none-eabi/10.3.1/../../../../arm-none-eabi/lib/thumb/v7e-m+fp/hard\libc.a(lib_a-fputwc.o)
 .ARM.attributes
                0x00000d8e       0x34 c:/progra~2/gnuarm~1/102021~1.10/bin/../lib/gcc/arm-none-eabi/10.3.1/../../../../arm-none-eabi/lib/thumb/v7e-m+fp/hard\libc.a(lib_a-fvwrite.o)
 .ARM.attributes
                0x00000dc2       0x34 c:/progra~2/gnuarm~1/102021~1.10/bin/../lib/gcc/arm-none-eabi/10.3.1/../../../../arm-none-eabi/lib/thumb/v7e-m+fp/hard\libc.a(lib_a-makebuf.o)
 .ARM.attributes
                0x00000df6       0x34 c:/progra~2/gnuarm~1/102021~1.10/bin/../lib/gcc/arm-none-eabi/10.3.1/../../../../arm-none-eabi/lib/thumb/v7e-m+fp/hard\libc.a(lib_a-signal.o)
 .ARM.attributes
                0x00000e2a       0x34 c:/progra~2/gnuarm~1/102021~1.10/bin/../lib/gcc/arm-none-eabi/10.3.1/../../../../arm-none-eabi/lib/thumb/v7e-m+fp/hard\libc.a(lib_a-signalr.o)
 .ARM.attributes
                0x00000e5e       0x34 c:/progra~2/gnuarm~1/102021~1.10/bin/../lib/gcc/arm-none-eabi/10.3.1/../../../../arm-none-eabi/lib/thumb/v7e-m+fp/hard\libc.a(lib_a-wbuf.o)
 .ARM.attributes
                0x00000e92       0x34 c:/progra~2/gnuarm~1/102021~1.10/bin/../lib/gcc/arm-none-eabi/10.3.1/../../../../arm-none-eabi/lib/thumb/v7e-m+fp/hard\libc.a(lib_a-wcrtomb.o)
 .ARM.attributes
                0x00000ec6       0x34 c:/progra~2/gnuarm~1/102021~1.10/bin/../lib/gcc/arm-none-eabi/10.3.1/../../../../arm-none-eabi/lib/thumb/v7e-m+fp/hard\libc.a(lib_a-fstatr.o)
 .ARM.attributes
                0x00000efa       0x34 c:/progra~2/gnuarm~1/102021~1.10/bin/../lib/gcc/arm-none-eabi/10.3.1/../../../../arm-none-eabi/lib/thumb/v7e-m+fp/hard\libc.a(lib_a-isattyr.o)
 .ARM.attributes
                0x00000f2e       0x1e c:/progra~2/gnuarm~1/102021~1.10/bin/../lib/gcc/arm-none-eabi/10.3.1/thumb/v7e-m+fp/hard\libgcc.a(_arm_muldivdf3.o)
 .ARM.attributes
                0x00000f4c       0x1e c:/progra~2/gnuarm~1/102021~1.10/bin/../lib/gcc/arm-none-eabi/10.3.1/thumb/v7e-m+fp/hard\libgcc.a(_arm_cmpdf2.o)
 .ARM.attributes
                0x00000f6a       0x1e c:/progra~2/gnuarm~1/102021~1.10/bin/../lib/gcc/arm-none-eabi/10.3.1/thumb/v7e-m+fp/hard\libgcc.a(_arm_unorddf2.o)
 .ARM.attributes
                0x00000f88       0x1e c:/progra~2/gnuarm~1/102021~1.10/bin/../lib/gcc/arm-none-eabi/10.3.1/thumb/v7e-m+fp/hard\libgcc.a(_arm_fixdfsi.o)
 .ARM.attributes
                0x00000fa6       0x1e c:/progra~2/gnuarm~1/102021~1.10/bin/../lib/gcc/arm-none-eabi/10.3.1/thumb/v7e-m+fp/hard\libgcc.a(_arm_fixunsdfsi.o)
 .ARM.attributes
                0x00000fc4       0x1e c:/progra~2/gnuarm~1/102021~1.10/bin/../lib/gcc/arm-none-eabi/10.3.1/thumb/v7e-m+fp/hard\libgcc.a(_arm_truncdfsf2.o)
 .ARM.attributes
                0x00000fe2       0x1e c:/progra~2/gnuarm~1/102021~1.10/bin/../lib/gcc/arm-none-eabi/10.3.1/thumb/v7e-m+fp/hard\libgcc.a(_aeabi_uldivmod.o)
 .ARM.attributes
                0x00001000       0x34 c:/progra~2/gnuarm~1/102021~1.10/bin/../lib/gcc/arm-none-eabi/10.3.1/thumb/v7e-m+fp/hard\libgcc.a(_fixdfdi.o)
 .ARM.attributes
                0x00001034       0x34 c:/progra~2/gnuarm~1/102021~1.10/bin/../lib/gcc/arm-none-eabi/10.3.1/thumb/v7e-m+fp/hard\libgcc.a(_fixunsdfdi.o)
 .ARM.attributes
                0x00001068       0x34 c:/progra~2/gnuarm~1/102021~1.10/bin/../lib/gcc/arm-none-eabi/10.3.1/thumb/v7e-m+fp/hard\libgcc.a(_udivmoddi4.o)
 .ARM.attributes
                0x0000109c       0x1e c:/progra~2/gnuarm~1/102021~1.10/bin/../lib/gcc/arm-none-eabi/10.3.1/thumb/v7e-m+fp/hard\libgcc.a(_dvmd_tls.o)

.debug_frame    0x00000000     0x2478
 .debug_frame   0x00000000       0xb4 CMakeFiles\hello_world_DEVICE.dir\src\inventory.c.obj
 .debug_frame   0x000000b4      0x204 CMakeFiles\hello_world_DEVICE.dir\src\jsonparser.c.obj
 .debug_frame   0x000002b8       0x54 CMakeFiles\hello_world_DEVICE.dir\src\main.c.obj
 .debug_frame   0x0000030c      0x148 CMakeFiles\hello_world_DEVICE.dir\src\overworld.c.obj
 .debug_frame   0x00000454       0x78 CMakeFiles\hello_world_DEVICE.dir\src\scenemanager.c.obj
 .debug_frame   0x000004cc       0xec CMakeFiles\hello_world_DEVICE.dir\src\sprite.c.obj
 .debug_frame   0x000005b8       0xdc CMakeFiles\hello_world_DEVICE.dir\src\syscalls.c.obj
 .debug_frame   0x00000694       0x80 CMakeFiles\hello_world_DEVICE.dir\C_\Users\berge\Documents\PlaydateSDK\C_API\buildsupport\setup.c.obj
 .debug_frame   0x00000714       0xac c:/progra~2/gnuarm~1/102021~1.10/bin/../lib/gcc/arm-none-eabi/10.3.1/thumb/v7e-m+fp/hard\libgcc.a(_arm_addsubdf3.o)
 .debug_frame   0x000007c0       0x2c c:/progra~2/gnuarm~1/102021~1.10/bin/../lib/gcc/arm-none-eabi/10.3.1/../../../../arm-none-eabi/lib/thumb/v7e-m+fp/hard\libc.a(lib_a-memset.o)
 .debug_frame   0x000007ec       0x94 c:/progra~2/gnuarm~1/102021~1.10/bin/../lib/gcc/arm-none-eabi/10.3.1/../../../../arm-none-eabi/lib/thumb/v7e-m+fp/hard\libc.a(lib_a-snprintf.o)
 .debug_frame   0x00000880       0x78 c:/progra~2/gnuarm~1/102021~1.10/bin/../lib/gcc/arm-none-eabi/10.3.1/../../../../arm-none-eabi/lib/thumb/v7e-m+fp/hard\libc.a(lib_a-sscanf.o)
 .debug_frame   0x000008f8       0x8c c:/progra~2/gnuarm~1/102021~1.10/bin/../lib/gcc/arm-none-eabi/10.3.1/../../../../arm-none-eabi/lib/thumb/v7e-m+fp/hard\libc.a(lib_a-stdio.o)
 .debug_frame   0x00000984       0x68 c:/progra~2/gnuarm~1/102021~1.10/bin/../lib/gcc/arm-none-eabi/10.3.1/../../../../arm-none-eabi/lib/thumb/v7e-m+fp/hard\libc.a(lib_a-strcmp.o)
 .debug_frame   0x000009ec       0x2c c:/progra~2/gnuarm~1/102021~1.10/bin/../lib/gcc/arm-none-eabi/10.3.1/../../../../arm-none-eabi/lib/thumb/v7e-m+fp/hard\libc.a(lib_a-strncpy.o)
 .debug_frame   0x00000a18       0x7c c:/progra~2/gnuarm~1/102021~1.10/bin/../lib/gcc/arm-none-eabi/10.3.1/../../../../arm-none-eabi/lib/thumb/v7e-m+fp/hard\libc.a(lib_a-svfprintf.o)
 .debug_frame   0x00000a94       0x58 c:/progra~2/gnuarm~1/102021~1.10/bin/../lib/gcc/arm-none-eabi/10.3.1/../../../../arm-none-eabi/lib/thumb/v7e-m+fp/hard\libc.a(lib_a-svfscanf.o)
 .debug_frame   0x00000aec       0x2c c:/progra~2/gnuarm~1/102021~1.10/bin/../lib/gcc/arm-none-eabi/10.3.1/../../../../arm-none-eabi/lib/thumb/v7e-m+fp/hard\libc.a(lib_a-writer.o)
 .debug_frame   0x00000b18       0x2c c:/progra~2/gnuarm~1/102021~1.10/bin/../lib/gcc/arm-none-eabi/10.3.1/../../../../arm-none-eabi/lib/thumb/v7e-m+fp/hard\libc.a(lib_a-closer.o)
 .debug_frame   0x00000b44       0xdc c:/progra~2/gnuarm~1/102021~1.10/bin/../lib/gcc/arm-none-eabi/10.3.1/../../../../arm-none-eabi/lib/thumb/v7e-m+fp/hard\libc.a(lib_a-dtoa.o)
 .debug_frame   0x00000c20       0x20 c:/progra~2/gnuarm~1/102021~1.10/bin/../lib/gcc/arm-none-eabi/10.3.1/../../../../arm-none-eabi/lib/thumb/v7e-m+fp/hard\libc.a(lib_a-iswspace.o)
 .debug_frame   0x00000c40       0x20 c:/progra~2/gnuarm~1/102021~1.10/bin/../lib/gcc/arm-none-eabi/10.3.1/../../../../arm-none-eabi/lib/thumb/v7e-m+fp/hard\libc.a(lib_a-iswspace_l.o)
 .debug_frame   0x00000c60       0x68 c:/progra~2/gnuarm~1/102021~1.10/bin/../lib/gcc/arm-none-eabi/10.3.1/../../../../arm-none-eabi/lib/thumb/v7e-m+fp/hard\libc.a(lib_a-locale.o)
 .debug_frame   0x00000cc8       0x40 c:/progra~2/gnuarm~1/102021~1.10/bin/../lib/gcc/arm-none-eabi/10.3.1/../../../../arm-none-eabi/lib/thumb/v7e-m+fp/hard\libc.a(lib_a-localeconv.o)
 .debug_frame   0x00000d08       0x2c c:/progra~2/gnuarm~1/102021~1.10/bin/../lib/gcc/arm-none-eabi/10.3.1/../../../../arm-none-eabi/lib/thumb/v7e-m+fp/hard\libc.a(lib_a-lseekr.o)
 .debug_frame   0x00000d34       0x30 c:/progra~2/gnuarm~1/102021~1.10/bin/../lib/gcc/arm-none-eabi/10.3.1/../../../../arm-none-eabi/lib/thumb/v7e-m+fp/hard\libc.a(lib_a-malloc.o)
 .debug_frame   0x00000d64       0x60 c:/progra~2/gnuarm~1/102021~1.10/bin/../lib/gcc/arm-none-eabi/10.3.1/../../../../arm-none-eabi/lib/thumb/v7e-m+fp/hard\libc.a(lib_a-mbrtowc.o)
 .debug_frame   0x00000dc4       0x4c c:/progra~2/gnuarm~1/102021~1.10/bin/../lib/gcc/arm-none-eabi/10.3.1/../../../../arm-none-eabi/lib/thumb/v7e-m+fp/hard\libc.a(lib_a-mbtowc_r.o)
 .debug_frame   0x00000e10      0x280 c:/progra~2/gnuarm~1/102021~1.10/bin/../lib/gcc/arm-none-eabi/10.3.1/../../../../arm-none-eabi/lib/thumb/v7e-m+fp/hard\libc.a(lib_a-mprec.o)
 .debug_frame   0x00001090       0x2c c:/progra~2/gnuarm~1/102021~1.10/bin/../lib/gcc/arm-none-eabi/10.3.1/../../../../arm-none-eabi/lib/thumb/v7e-m+fp/hard\libc.a(lib_a-readr.o)
 .debug_frame   0x000010bc       0x2c c:/progra~2/gnuarm~1/102021~1.10/bin/../lib/gcc/arm-none-eabi/10.3.1/../../../../arm-none-eabi/lib/thumb/v7e-m+fp/hard\libc.a(lib_a-realloc.o)
 .debug_frame   0x000010e8       0x64 c:/progra~2/gnuarm~1/102021~1.10/bin/../lib/gcc/arm-none-eabi/10.3.1/../../../../arm-none-eabi/lib/thumb/v7e-m+fp/hard\libc.a(lib_a-reent.o)
 .debug_frame   0x0000114c       0x2c c:/progra~2/gnuarm~1/102021~1.10/bin/../lib/gcc/arm-none-eabi/10.3.1/../../../../arm-none-eabi/lib/thumb/v7e-m+fp/hard\libc.a(lib_a-s_frexp.o)
 .debug_frame   0x00001178       0x30 c:/progra~2/gnuarm~1/102021~1.10/bin/../lib/gcc/arm-none-eabi/10.3.1/../../../../arm-none-eabi/lib/thumb/v7e-m+fp/hard\libc.a(lib_a-sccl.o)
 .debug_frame   0x000011a8       0x20 c:/progra~2/gnuarm~1/102021~1.10/bin/../lib/gcc/arm-none-eabi/10.3.1/../../../../arm-none-eabi/lib/thumb/v7e-m+fp/hard\libc.a(lib_a-sf_nan.o)
 .debug_frame   0x000011c8       0x74 c:/progra~2/gnuarm~1/102021~1.10/bin/../lib/gcc/arm-none-eabi/10.3.1/../../../../arm-none-eabi/lib/thumb/v7e-m+fp/hard\libc.a(lib_a-sprintf.o)
 .debug_frame   0x0000123c      0x12c c:/progra~2/gnuarm~1/102021~1.10/bin/../lib/gcc/arm-none-eabi/10.3.1/../../../../arm-none-eabi/lib/thumb/v7e-m+fp/hard\libc.a(lib_a-strtod.o)
 .debug_frame   0x00001368       0x80 c:/progra~2/gnuarm~1/102021~1.10/bin/../lib/gcc/arm-none-eabi/10.3.1/../../../../arm-none-eabi/lib/thumb/v7e-m+fp/hard\libc.a(lib_a-strtol.o)
 .debug_frame   0x000013e8       0x90 c:/progra~2/gnuarm~1/102021~1.10/bin/../lib/gcc/arm-none-eabi/10.3.1/../../../../arm-none-eabi/lib/thumb/v7e-m+fp/hard\libc.a(lib_a-strtoll.o)
 .debug_frame   0x00001478       0x7c c:/progra~2/gnuarm~1/102021~1.10/bin/../lib/gcc/arm-none-eabi/10.3.1/../../../../arm-none-eabi/lib/thumb/v7e-m+fp/hard\libc.a(lib_a-strtoul.o)
 .debug_frame   0x000014f4       0x88 c:/progra~2/gnuarm~1/102021~1.10/bin/../lib/gcc/arm-none-eabi/10.3.1/../../../../arm-none-eabi/lib/thumb/v7e-m+fp/hard\libc.a(lib_a-strtoull.o)
 .debug_frame   0x0000157c       0x88 c:/progra~2/gnuarm~1/102021~1.10/bin/../lib/gcc/arm-none-eabi/10.3.1/../../../../arm-none-eabi/lib/thumb/v7e-m+fp/hard\libc.a(lib_a-svfiprintf.o)
 .debug_frame   0x00001604       0xc0 c:/progra~2/gnuarm~1/102021~1.10/bin/../lib/gcc/arm-none-eabi/10.3.1/../../../../arm-none-eabi/lib/thumb/v7e-m+fp/hard\libc.a(lib_a-svfiscanf.o)
 .debug_frame   0x000016c4       0x68 c:/progra~2/gnuarm~1/102021~1.10/bin/../lib/gcc/arm-none-eabi/10.3.1/../../../../arm-none-eabi/lib/thumb/v7e-m+fp/hard\libc.a(lib_a-ungetc.o)
 .debug_frame   0x0000172c       0x3c c:/progra~2/gnuarm~1/102021~1.10/bin/../lib/gcc/arm-none-eabi/10.3.1/../../../../arm-none-eabi/lib/thumb/v7e-m+fp/hard\libc.a(lib_a-wctomb_r.o)
 .debug_frame   0x00001768       0x40 c:/progra~2/gnuarm~1/102021~1.10/bin/../lib/gcc/arm-none-eabi/10.3.1/../../../../arm-none-eabi/lib/thumb/v7e-m+fp/hard\libc.a(lib_a-assert.o)
 .debug_frame   0x000017a8       0x2c c:/progra~2/gnuarm~1/102021~1.10/bin/../lib/gcc/arm-none-eabi/10.3.1/../../../../arm-none-eabi/lib/thumb/v7e-m+fp/hard\libc.a(lib_a-callocr.o)
 .debug_frame   0x000017d4       0x20 c:/progra~2/gnuarm~1/102021~1.10/bin/../lib/gcc/arm-none-eabi/10.3.1/../../../../arm-none-eabi/lib/thumb/v7e-m+fp/hard\libc.a(lib_a-errno.o)
 .debug_frame   0x000017f4       0x70 c:/progra~2/gnuarm~1/102021~1.10/bin/../lib/gcc/arm-none-eabi/10.3.1/../../../../arm-none-eabi/lib/thumb/v7e-m+fp/hard\libc.a(lib_a-fflush.o)
 .debug_frame   0x00001864      0x154 c:/progra~2/gnuarm~1/102021~1.10/bin/../lib/gcc/arm-none-eabi/10.3.1/../../../../arm-none-eabi/lib/thumb/v7e-m+fp/hard\libc.a(lib_a-findfp.o)
 .debug_frame   0x000019b8       0x70 c:/progra~2/gnuarm~1/102021~1.10/bin/../lib/gcc/arm-none-eabi/10.3.1/../../../../arm-none-eabi/lib/thumb/v7e-m+fp/hard\libc.a(lib_a-fiprintf.o)
 .debug_frame   0x00001a28       0x54 c:/progra~2/gnuarm~1/102021~1.10/bin/../lib/gcc/arm-none-eabi/10.3.1/../../../../arm-none-eabi/lib/thumb/v7e-m+fp/hard\libc.a(lib_a-fwalk.o)
 .debug_frame   0x00001a7c       0x8c c:/progra~2/gnuarm~1/102021~1.10/bin/../lib/gcc/arm-none-eabi/10.3.1/../../../../arm-none-eabi/lib/thumb/v7e-m+fp/hard\libc.a(lib_a-gdtoa-gethex.o)
 .debug_frame   0x00001b08       0x6c c:/progra~2/gnuarm~1/102021~1.10/bin/../lib/gcc/arm-none-eabi/10.3.1/../../../../arm-none-eabi/lib/thumb/v7e-m+fp/hard\libc.a(lib_a-gdtoa-hexnan.o)
 .debug_frame   0x00001b74       0x20 c:/progra~2/gnuarm~1/102021~1.10/bin/../lib/gcc/arm-none-eabi/10.3.1/../../../../arm-none-eabi/lib/thumb/v7e-m+fp/hard\libc.a(lib_a-lnumeric.o)
 .debug_frame   0x00001b94       0xb0 c:/progra~2/gnuarm~1/102021~1.10/bin/../lib/gcc/arm-none-eabi/10.3.1/../../../../arm-none-eabi/lib/thumb/v7e-m+fp/hard\libc.a(lib_a-lock.o)
 .debug_frame   0x00001c44       0x40 c:/progra~2/gnuarm~1/102021~1.10/bin/../lib/gcc/arm-none-eabi/10.3.1/../../../../arm-none-eabi/lib/thumb/v7e-m+fp/hard\libc.a(lib_a-memmove.o)
 .debug_frame   0x00001c84       0x20 c:/progra~2/gnuarm~1/102021~1.10/bin/../lib/gcc/arm-none-eabi/10.3.1/../../../../arm-none-eabi/lib/thumb/v7e-m+fp/hard\libc.a(lib_a-s_nan.o)
 .debug_frame   0x00001ca4       0x38 c:/progra~2/gnuarm~1/102021~1.10/bin/../lib/gcc/arm-none-eabi/10.3.1/../../../../arm-none-eabi/lib/thumb/v7e-m+fp/hard\libc.a(lib_a-strncmp.o)
 .debug_frame   0x00001cdc       0xf4 c:/progra~2/gnuarm~1/102021~1.10/bin/../lib/gcc/arm-none-eabi/10.3.1/../../../../arm-none-eabi/lib/thumb/v7e-m+fp/hard\libc.a(lib_a-vfiprintf.o)
 .debug_frame   0x00001dd0       0x2c c:/progra~2/gnuarm~1/102021~1.10/bin/../lib/gcc/arm-none-eabi/10.3.1/../../../../arm-none-eabi/lib/thumb/v7e-m+fp/hard\libc.a(lib_a-wsetup.o)
 .debug_frame   0x00001dfc       0x28 c:/progra~2/gnuarm~1/102021~1.10/bin/../lib/gcc/arm-none-eabi/10.3.1/../../../../arm-none-eabi/lib/thumb/v7e-m+fp/hard\libc.a(lib_a-abort.o)
 .debug_frame   0x00001e24       0x3c c:/progra~2/gnuarm~1/102021~1.10/bin/../lib/gcc/arm-none-eabi/10.3.1/../../../../arm-none-eabi/lib/thumb/v7e-m+fp/hard\libc.a(lib_a-fclose.o)
 .debug_frame   0x00001e60       0x8c c:/progra~2/gnuarm~1/102021~1.10/bin/../lib/gcc/arm-none-eabi/10.3.1/../../../../arm-none-eabi/lib/thumb/v7e-m+fp/hard\libc.a(lib_a-fputwc.o)
 .debug_frame   0x00001eec       0x64 c:/progra~2/gnuarm~1/102021~1.10/bin/../lib/gcc/arm-none-eabi/10.3.1/../../../../arm-none-eabi/lib/thumb/v7e-m+fp/hard\libc.a(lib_a-fvwrite.o)
 .debug_frame   0x00001f50       0x70 c:/progra~2/gnuarm~1/102021~1.10/bin/../lib/gcc/arm-none-eabi/10.3.1/../../../../arm-none-eabi/lib/thumb/v7e-m+fp/hard\libc.a(lib_a-makebuf.o)
 .debug_frame   0x00001fc0      0x114 c:/progra~2/gnuarm~1/102021~1.10/bin/../lib/gcc/arm-none-eabi/10.3.1/../../../../arm-none-eabi/lib/thumb/v7e-m+fp/hard\libc.a(lib_a-signal.o)
 .debug_frame   0x000020d4       0x3c c:/progra~2/gnuarm~1/102021~1.10/bin/../lib/gcc/arm-none-eabi/10.3.1/../../../../arm-none-eabi/lib/thumb/v7e-m+fp/hard\libc.a(lib_a-signalr.o)
 .debug_frame   0x00002110       0x4c c:/progra~2/gnuarm~1/102021~1.10/bin/../lib/gcc/arm-none-eabi/10.3.1/../../../../arm-none-eabi/lib/thumb/v7e-m+fp/hard\libc.a(lib_a-wbuf.o)
 .debug_frame   0x0000215c       0x60 c:/progra~2/gnuarm~1/102021~1.10/bin/../lib/gcc/arm-none-eabi/10.3.1/../../../../arm-none-eabi/lib/thumb/v7e-m+fp/hard\libc.a(lib_a-wcrtomb.o)
 .debug_frame   0x000021bc       0x2c c:/progra~2/gnuarm~1/102021~1.10/bin/../lib/gcc/arm-none-eabi/10.3.1/../../../../arm-none-eabi/lib/thumb/v7e-m+fp/hard\libc.a(lib_a-fstatr.o)
 .debug_frame   0x000021e8       0x2c c:/progra~2/gnuarm~1/102021~1.10/bin/../lib/gcc/arm-none-eabi/10.3.1/../../../../arm-none-eabi/lib/thumb/v7e-m+fp/hard\libc.a(lib_a-isattyr.o)
 .debug_frame   0x00002214       0x50 c:/progra~2/gnuarm~1/102021~1.10/bin/../lib/gcc/arm-none-eabi/10.3.1/thumb/v7e-m+fp/hard\libgcc.a(_arm_muldivdf3.o)
 .debug_frame   0x00002264       0xc4 c:/progra~2/gnuarm~1/102021~1.10/bin/../lib/gcc/arm-none-eabi/10.3.1/thumb/v7e-m+fp/hard\libgcc.a(_arm_cmpdf2.o)
 .debug_frame   0x00002328       0x20 c:/progra~2/gnuarm~1/102021~1.10/bin/../lib/gcc/arm-none-eabi/10.3.1/thumb/v7e-m+fp/hard\libgcc.a(_arm_unorddf2.o)
 .debug_frame   0x00002348       0x24 c:/progra~2/gnuarm~1/102021~1.10/bin/../lib/gcc/arm-none-eabi/10.3.1/thumb/v7e-m+fp/hard\libgcc.a(_arm_fixdfsi.o)
 .debug_frame   0x0000236c       0x24 c:/progra~2/gnuarm~1/102021~1.10/bin/../lib/gcc/arm-none-eabi/10.3.1/thumb/v7e-m+fp/hard\libgcc.a(_arm_fixunsdfsi.o)
 .debug_frame   0x00002390       0x24 c:/progra~2/gnuarm~1/102021~1.10/bin/../lib/gcc/arm-none-eabi/10.3.1/thumb/v7e-m+fp/hard\libgcc.a(_arm_truncdfsf2.o)
 .debug_frame   0x000023b4       0x2c c:/progra~2/gnuarm~1/102021~1.10/bin/../lib/gcc/arm-none-eabi/10.3.1/thumb/v7e-m+fp/hard\libgcc.a(_aeabi_uldivmod.o)
 .debug_frame   0x000023e0       0x38 c:/progra~2/gnuarm~1/102021~1.10/bin/../lib/gcc/arm-none-eabi/10.3.1/thumb/v7e-m+fp/hard\libgcc.a(_fixdfdi.o)
 .debug_frame   0x00002418       0x2c c:/progra~2/gnuarm~1/102021~1.10/bin/../lib/gcc/arm-none-eabi/10.3.1/thumb/v7e-m+fp/hard\libgcc.a(_fixunsdfdi.o)
 .debug_frame   0x00002444       0x34 c:/progra~2/gnuarm~1/102021~1.10/bin/../lib/gcc/arm-none-eabi/10.3.1/thumb/v7e-m+fp/hard\libgcc.a(_udivmoddi4.o)

Cross Reference Table

Symbol                                            File
_Balloc                                           c:/progra~2/gnuarm~1/102021~1.10/bin/../lib/gcc/arm-none-eabi/10.3.1/../../../../arm-none-eabi/lib/thumb/v7e-m+fp/hard\libc.a(lib_a-mprec.o)
                                                  c:/progra~2/gnuarm~1/102021~1.10/bin/../lib/gcc/arm-none-eabi/10.3.1/../../../../arm-none-eabi/lib/thumb/v7e-m+fp/hard\libc.a(lib_a-gdtoa-gethex.o)
                                                  c:/progra~2/gnuarm~1/102021~1.10/bin/../lib/gcc/arm-none-eabi/10.3.1/../../../../arm-none-eabi/lib/thumb/v7e-m+fp/hard\libc.a(lib_a-strtod.o)
                                                  c:/progra~2/gnuarm~1/102021~1.10/bin/../lib/gcc/arm-none-eabi/10.3.1/../../../../arm-none-eabi/lib/thumb/v7e-m+fp/hard\libc.a(lib_a-dtoa.o)
_Bfree                                            c:/progra~2/gnuarm~1/102021~1.10/bin/../lib/gcc/arm-none-eabi/10.3.1/../../../../arm-none-eabi/lib/thumb/v7e-m+fp/hard\libc.a(lib_a-mprec.o)
                                                  c:/progra~2/gnuarm~1/102021~1.10/bin/../lib/gcc/arm-none-eabi/10.3.1/../../../../arm-none-eabi/lib/thumb/v7e-m+fp/hard\libc.a(lib_a-gdtoa-gethex.o)
                                                  c:/progra~2/gnuarm~1/102021~1.10/bin/../lib/gcc/arm-none-eabi/10.3.1/../../../../arm-none-eabi/lib/thumb/v7e-m+fp/hard\libc.a(lib_a-strtod.o)
                                                  c:/progra~2/gnuarm~1/102021~1.10/bin/../lib/gcc/arm-none-eabi/10.3.1/../../../../arm-none-eabi/lib/thumb/v7e-m+fp/hard\libc.a(lib_a-dtoa.o)
_C_numeric_locale                                 c:/progra~2/gnuarm~1/102021~1.10/bin/../lib/gcc/arm-none-eabi/10.3.1/../../../../arm-none-eabi/lib/thumb/v7e-m+fp/hard\libc.a(lib_a-lnumeric.o)
                                                  c:/progra~2/gnuarm~1/102021~1.10/bin/../lib/gcc/arm-none-eabi/10.3.1/../../../../arm-none-eabi/lib/thumb/v7e-m+fp/hard\libc.a(lib_a-gdtoa-gethex.o)
                                                  c:/progra~2/gnuarm~1/102021~1.10/bin/../lib/gcc/arm-none-eabi/10.3.1/../../../../arm-none-eabi/lib/thumb/v7e-m+fp/hard\libc.a(lib_a-strtod.o)
_PathLocale                                       c:/progra~2/gnuarm~1/102021~1.10/bin/../lib/gcc/arm-none-eabi/10.3.1/../../../../arm-none-eabi/lib/thumb/v7e-m+fp/hard\libc.a(lib_a-locale.o)
__adddf3                                          c:/progra~2/gnuarm~1/102021~1.10/bin/../lib/gcc/arm-none-eabi/10.3.1/thumb/v7e-m+fp/hard\libgcc.a(_arm_addsubdf3.o)
__aeabi_cdcmpeq                                   c:/progra~2/gnuarm~1/102021~1.10/bin/../lib/gcc/arm-none-eabi/10.3.1/thumb/v7e-m+fp/hard\libgcc.a(_arm_cmpdf2.o)
__aeabi_cdcmple                                   c:/progra~2/gnuarm~1/102021~1.10/bin/../lib/gcc/arm-none-eabi/10.3.1/thumb/v7e-m+fp/hard\libgcc.a(_arm_cmpdf2.o)